Archive member included to satisfy reference by file (symbol)

d:/msys2/mingw64/bin/../lib/gcc/arm-none-eabi/12.2.0/../../../../arm-none-eabi/lib/thumb/v7e-m+fp/hard\libc_nano.a(libc_a-atexit.o)
                              d:/msys2/mingw64/bin/../lib/gcc/arm-none-eabi/12.2.0/../../../../arm-none-eabi/lib/thumb/v7e-m+fp/hard/crt0.o (atexit)
d:/msys2/mingw64/bin/../lib/gcc/arm-none-eabi/12.2.0/../../../../arm-none-eabi/lib/thumb/v7e-m+fp/hard\libc_nano.a(libc_a-exit.o)
                              d:/msys2/mingw64/bin/../lib/gcc/arm-none-eabi/12.2.0/../../../../arm-none-eabi/lib/thumb/v7e-m+fp/hard/crt0.o (exit)
d:/msys2/mingw64/bin/../lib/gcc/arm-none-eabi/12.2.0/../../../../arm-none-eabi/lib/thumb/v7e-m+fp/hard\libc_nano.a(libc_a-findfp.o)
                              d:/msys2/mingw64/bin/../lib/gcc/arm-none-eabi/12.2.0/../../../../arm-none-eabi/lib/thumb/v7e-m+fp/hard\libc_nano.a(libc_a-exit.o) (__stdio_exit_handler)
d:/msys2/mingw64/bin/../lib/gcc/arm-none-eabi/12.2.0/../../../../arm-none-eabi/lib/thumb/v7e-m+fp/hard\libc_nano.a(libc_a-fwalk.o)
                              d:/msys2/mingw64/bin/../lib/gcc/arm-none-eabi/12.2.0/../../../../arm-none-eabi/lib/thumb/v7e-m+fp/hard\libc_nano.a(libc_a-findfp.o) (_fwalk_sglue)
d:/msys2/mingw64/bin/../lib/gcc/arm-none-eabi/12.2.0/../../../../arm-none-eabi/lib/thumb/v7e-m+fp/hard\libc_nano.a(libc_a-stdio.o)
                              d:/msys2/mingw64/bin/../lib/gcc/arm-none-eabi/12.2.0/../../../../arm-none-eabi/lib/thumb/v7e-m+fp/hard\libc_nano.a(libc_a-findfp.o) (__sread)
d:/msys2/mingw64/bin/../lib/gcc/arm-none-eabi/12.2.0/../../../../arm-none-eabi/lib/thumb/v7e-m+fp/hard\libc_nano.a(libc_a-memset.o)
                              d:/msys2/mingw64/bin/../lib/gcc/arm-none-eabi/12.2.0/../../../../arm-none-eabi/lib/thumb/v7e-m+fp/hard/crt0.o (memset)
d:/msys2/mingw64/bin/../lib/gcc/arm-none-eabi/12.2.0/../../../../arm-none-eabi/lib/thumb/v7e-m+fp/hard\libc_nano.a(libc_a-closer.o)
                              d:/msys2/mingw64/bin/../lib/gcc/arm-none-eabi/12.2.0/../../../../arm-none-eabi/lib/thumb/v7e-m+fp/hard\libc_nano.a(libc_a-stdio.o) (_close_r)
d:/msys2/mingw64/bin/../lib/gcc/arm-none-eabi/12.2.0/../../../../arm-none-eabi/lib/thumb/v7e-m+fp/hard\libc_nano.a(libc_a-reent.o)
                              d:/msys2/mingw64/bin/../lib/gcc/arm-none-eabi/12.2.0/../../../../arm-none-eabi/lib/thumb/v7e-m+fp/hard\libc_nano.a(libc_a-closer.o) (errno)
d:/msys2/mingw64/bin/../lib/gcc/arm-none-eabi/12.2.0/../../../../arm-none-eabi/lib/thumb/v7e-m+fp/hard\libc_nano.a(libc_a-impure.o)
                              d:/msys2/mingw64/bin/../lib/gcc/arm-none-eabi/12.2.0/../../../../arm-none-eabi/lib/thumb/v7e-m+fp/hard\libc_nano.a(libc_a-reent.o) (_impure_ptr)
d:/msys2/mingw64/bin/../lib/gcc/arm-none-eabi/12.2.0/../../../../arm-none-eabi/lib/thumb/v7e-m+fp/hard\libc_nano.a(libc_a-lseekr.o)
                              d:/msys2/mingw64/bin/../lib/gcc/arm-none-eabi/12.2.0/../../../../arm-none-eabi/lib/thumb/v7e-m+fp/hard\libc_nano.a(libc_a-stdio.o) (_lseek_r)
d:/msys2/mingw64/bin/../lib/gcc/arm-none-eabi/12.2.0/../../../../arm-none-eabi/lib/thumb/v7e-m+fp/hard\libc_nano.a(libc_a-readr.o)
                              d:/msys2/mingw64/bin/../lib/gcc/arm-none-eabi/12.2.0/../../../../arm-none-eabi/lib/thumb/v7e-m+fp/hard\libc_nano.a(libc_a-stdio.o) (_read_r)
d:/msys2/mingw64/bin/../lib/gcc/arm-none-eabi/12.2.0/../../../../arm-none-eabi/lib/thumb/v7e-m+fp/hard\libc_nano.a(libc_a-writer.o)
                              d:/msys2/mingw64/bin/../lib/gcc/arm-none-eabi/12.2.0/../../../../arm-none-eabi/lib/thumb/v7e-m+fp/hard\libc_nano.a(libc_a-stdio.o) (_write_r)
d:/msys2/mingw64/bin/../lib/gcc/arm-none-eabi/12.2.0/../../../../arm-none-eabi/lib/thumb/v7e-m+fp/hard\libc_nano.a(libc_a-errno.o)
                              build/sysmem.o (__errno)
d:/msys2/mingw64/bin/../lib/gcc/arm-none-eabi/12.2.0/../../../../arm-none-eabi/lib/thumb/v7e-m+fp/hard\libc_nano.a(libc_a-init.o)
                              d:/msys2/mingw64/bin/../lib/gcc/arm-none-eabi/12.2.0/../../../../arm-none-eabi/lib/thumb/v7e-m+fp/hard/crt0.o (__libc_init_array)
d:/msys2/mingw64/bin/../lib/gcc/arm-none-eabi/12.2.0/../../../../arm-none-eabi/lib/thumb/v7e-m+fp/hard\libc_nano.a(libc_a-fini.o)
                              d:/msys2/mingw64/bin/../lib/gcc/arm-none-eabi/12.2.0/../../../../arm-none-eabi/lib/thumb/v7e-m+fp/hard/crt0.o (__libc_fini_array)
d:/msys2/mingw64/bin/../lib/gcc/arm-none-eabi/12.2.0/../../../../arm-none-eabi/lib/thumb/v7e-m+fp/hard\libc_nano.a(libc_a-lock.o)
                              d:/msys2/mingw64/bin/../lib/gcc/arm-none-eabi/12.2.0/../../../../arm-none-eabi/lib/thumb/v7e-m+fp/hard\libc_nano.a(libc_a-findfp.o) (__retarget_lock_init_recursive)
d:/msys2/mingw64/bin/../lib/gcc/arm-none-eabi/12.2.0/../../../../arm-none-eabi/lib/thumb/v7e-m+fp/hard\libc_nano.a(libc_a-memcpy.o)
                              build/queue.o (memcpy)
[...]
Memory Configuration

Name             Origin             Length             Attributes
RAM              0x20000000         0x00020000         xrw
CCMRAM           0x10000000         0x00010000         xrw
FLASH            0x08000000         0x00100000         xr
*default*        0x00000000         0xffffffff

Linker script and memory map

LOAD d:/msys2/mingw64/bin/../lib/gcc/arm-none-eabi/12.2.0/thumb/v7e-m+fp/hard/crti.o
LOAD d:/msys2/mingw64/bin/../lib/gcc/arm-none-eabi/12.2.0/thumb/v7e-m+fp/hard/crtbegin.o
LOAD d:/msys2/mingw64/bin/../lib/gcc/arm-none-eabi/12.2.0/../../../../arm-none-eabi/lib/thumb/v7e-m+fp/hard/crt0.o
LOAD build/main.o
LOAD build/gpio.o
LOAD build/freertos.o
LOAD build/can.o
LOAD build/dma.o
LOAD build/spi.o
LOAD build/tim.o
LOAD build/usart.o
LOAD build/stm32f4xx_it.o
LOAD build/stm32f4xx_hal_msp.o
LOAD build/stm32f4xx_hal_timebase_tim.o
LOAD build/stm32f4xx_hal_can.o
LOAD build/stm32f4xx_hal_rcc.o
LOAD build/stm32f4xx_hal_rcc_ex.o
LOAD build/stm32f4xx_hal_flash.o
LOAD build/stm32f4xx_hal_flash_ex.o
LOAD build/stm32f4xx_hal_flash_ramfunc.o
LOAD build/stm32f4xx_hal_gpio.o
LOAD build/stm32f4xx_hal_dma_ex.o
LOAD build/stm32f4xx_hal_dma.o
LOAD build/stm32f4xx_hal_pwr.o
LOAD build/stm32f4xx_hal_pwr_ex.o
LOAD build/stm32f4xx_hal_cortex.o
LOAD build/stm32f4xx_hal.o
LOAD build/stm32f4xx_hal_exti.o
LOAD build/stm32f4xx_hal_spi.o
LOAD build/stm32f4xx_hal_tim.o
LOAD build/stm32f4xx_hal_tim_ex.o
LOAD build/stm32f4xx_hal_uart.o
LOAD build/system_stm32f4xx.o
LOAD build/croutine.o
LOAD build/event_groups.o
LOAD build/list.o
LOAD build/queue.o
LOAD build/stream_buffer.o
LOAD build/tasks.o
LOAD build/timers.o
LOAD build/cmsis_os.o
LOAD build/heap_4.o
LOAD build/port.o
LOAD build/sysmem.o
LOAD build/syscalls.o
LOAD build/startup_stm32f407xx.o
LOAD d:/msys2/mingw64/bin/../lib/gcc/arm-none-eabi/12.2.0/../../../../arm-none-eabi/lib/thumb/v7e-m+fp/hard\libc_nano.a
LOAD d:/msys2/mingw64/bin/../lib/gcc/arm-none-eabi/12.2.0/../../../../arm-none-eabi/lib/thumb/v7e-m+fp/hard\libm.a
LOAD d:/msys2/mingw64/bin/../lib/gcc/arm-none-eabi/12.2.0/../../../../arm-none-eabi/lib/thumb/v7e-m+fp/hard\libnosys.a
START GROUP
LOAD d:/msys2/mingw64/bin/../lib/gcc/arm-none-eabi/12.2.0/thumb/v7e-m+fp/hard\libgcc.a
LOAD d:/msys2/mingw64/bin/../lib/gcc/arm-none-eabi/12.2.0/../../../../arm-none-eabi/lib/thumb/v7e-m+fp/hard\libc_nano.a
END GROUP
START GROUP
LOAD d:/msys2/mingw64/bin/../lib/gcc/arm-none-eabi/12.2.0/thumb/v7e-m+fp/hard\libgcc.a
LOAD d:/msys2/mingw64/bin/../lib/gcc/arm-none-eabi/12.2.0/../../../../arm-none-eabi/lib/thumb/v7e-m+fp/hard\libc_nano.a
END GROUP
LOAD d:/msys2/mingw64/bin/../lib/gcc/arm-none-eabi/12.2.0/thumb/v7e-m+fp/hard/crtend.o
LOAD d:/msys2/mingw64/bin/../lib/gcc/arm-none-eabi/12.2.0/thumb/v7e-m+fp/hard/crtn.o
                0x20020000                        _estack = (ORIGIN (RAM) + LENGTH (RAM))
                0x00002000                        _Min_Heap_Size = 0x2000
                0x00002000                        _Min_Stack_Size = 0x2000

.isr_vector     0x08000000      0x188
                0x08000000                        . = ALIGN (0x4)
 *(.isr_vector)
 .isr_vector    0x08000000      0x188 build/startup_stm32f407xx.o
                0x08000000                g_pfnVectors
                0x08000188                        . = ALIGN (0x4)

.text           0x08000190     0x4de8
                0x08000190                        . = ALIGN (0x4)
 *(.text)
 .text          0x08000190       0xa4 d:/msys2/mingw64/bin/../lib/gcc/arm-none-eabi/12.2.0/../../../../arm-none-eabi/lib/thumb/v7e-m+fp/hard\libc_nano.a(libc_a-memset.o)
                0x08000190                memset
 .text          0x08000234       0x50 d:/msys2/mingw64/bin/../lib/gcc/arm-none-eabi/12.2.0/../../../../arm-none-eabi/lib/thumb/v7e-m+fp/hard\libc_nano.a(libc_a-init.o)
                0x08000234                __libc_init_array
 .text          0x08000284      0x134 d:/msys2/mingw64/bin/../lib/gcc/arm-none-eabi/12.2.0/../../../../arm-none-eabi/lib/thumb/v7e-m+fp/hard\libc_nano.a(libc_a-memcpy.o)
                0x08000284                memcpy
 .text          0x080003b8       0x30 d:/msys2/mingw64/bin/../lib/gcc/arm-none-eabi/12.2.0/thumb/v7e-m+fp/hard\libgcc.a(_aeabi_uldivmod.o)
                0x080003b8                __aeabi_uldivmod
 .text          0x080003e8        0x4 d:/msys2/mingw64/bin/../lib/gcc/arm-none-eabi/12.2.0/thumb/v7e-m+fp/hard\libgcc.a(_dvmd_tls.o)
                0x080003e8                __aeabi_idiv0
                0x080003e8                __aeabi_ldiv0
 *(.text*)
 .text.__do_global_dtors_aux
                0x080003ec       0x24 d:/msys2/mingw64/bin/../lib/gcc/arm-none-eabi/12.2.0/thumb/v7e-m+fp/hard/crtbegin.o
 .text.frame_dummy
                0x08000410       0x1c d:/msys2/mingw64/bin/../lib/gcc/arm-none-eabi/12.2.0/thumb/v7e-m+fp/hard/crtbegin.o
 .text.HAL_TIM_PeriodElapsedCallback
                0x0800042c       0x12 build/main.o
                0x0800042c                HAL_TIM_PeriodElapsedCallback
 .text.Error_Handler
                0x0800043e        0x4 build/main.o
                0x0800043e                Error_Handler
 *fill*         0x08000442        0x2 
 .text.SystemClock_Config
                0x08000444       0xa8 build/main.o
                0x08000444                SystemClock_Config
 .text.main     0x080004ec       0x38 build/main.o
                0x080004ec                main
 .text.MX_GPIO_Init
                0x08000524      0x1ec build/gpio.o
                0x08000524                MX_GPIO_Init
 .text.StartGimbalTask
                0x08000710        0xa build/freertos.o
                0x08000710                StartGimbalTask
 .text.StartINSTask
                0x0800071a        0xa build/freertos.o
                0x0800071a                StartINSTask
 .text.StartDetectTask
                0x08000724        0xa build/freertos.o
                0x08000724                StartDetectTask
 .text.StartChassisTask
                0x0800072e        0xa build/freertos.o
                0x0800072e                StartChassisTask
 .text.vApplicationGetIdleTaskMemory
                0x08000738       0x18 build/freertos.o
                0x08000738                vApplicationGetIdleTaskMemory
 .text.vApplicationGetTimerTaskMemory
                0x08000750       0x18 build/freertos.o
                0x08000750                vApplicationGetTimerTaskMemory
 .text.MX_FREERTOS_Init
                0x08000768       0xac build/freertos.o
                0x08000768                MX_FREERTOS_Init
 .text.MX_CAN1_Init
                0x08000814       0x44 build/can.o
                0x08000814                MX_CAN1_Init
 .text.MX_CAN2_Init
                0x08000858       0x44 build/can.o
                0x08000858                MX_CAN2_Init
 .text.HAL_CAN_MspInit
                0x0800089c      0x120 build/can.o
                0x0800089c                HAL_CAN_MspInit
 .text.MX_DMA_Init
                0x080009bc       0xa8 build/dma.o
                0x080009bc                MX_DMA_Init
 .text.MX_SPI1_Init
                0x08000a64       0x48 build/spi.o
                0x08000a64                MX_SPI1_Init
 .text.HAL_SPI_MspInit
                0x08000aac      0x130 build/spi.o
                0x08000aac                HAL_SPI_MspInit
 .text.HAL_TIM_Base_MspInit
                0x08000bdc       0x30 build/tim.o
                0x08000bdc                HAL_TIM_Base_MspInit
 .text.HAL_TIM_MspPostInit
                0x08000c0c       0x60 build/tim.o
                0x08000c0c                HAL_TIM_MspPostInit
 .text.MX_TIM10_Init
                0x08000c6c       0x74 build/tim.o
                0x08000c6c                MX_TIM10_Init
 .text.MX_USART1_UART_Init
                0x08000ce0       0x38 build/usart.o
                0x08000ce0                MX_USART1_UART_Init
 .text.MX_USART3_UART_Init
                0x08000d18       0x3c build/usart.o
                0x08000d18                MX_USART3_UART_Init
 .text.MX_USART6_UART_Init
                0x08000d54       0x38 build/usart.o
                0x08000d54                MX_USART6_UART_Init
 .text.HAL_UART_MspInit
                0x08000d8c      0x2cc build/usart.o
                0x08000d8c                HAL_UART_MspInit
 .text.NMI_Handler
                0x08001058        0x2 build/stm32f4xx_it.o
                0x08001058                NMI_Handler
 .text.HardFault_Handler
                0x0800105a        0x2 build/stm32f4xx_it.o
                0x0800105a                HardFault_Handler
 .text.MemManage_Handler
                0x0800105c        0x2 build/stm32f4xx_it.o
                0x0800105c                MemManage_Handler
 .text.BusFault_Handler
                0x0800105e        0x2 build/stm32f4xx_it.o
                0x0800105e                BusFault_Handler
 .text.UsageFault_Handler
                0x08001060        0x2 build/stm32f4xx_it.o
                0x08001060                UsageFault_Handler
 .text.DebugMon_Handler
                0x08001062        0x2 build/stm32f4xx_it.o
                0x08001062                DebugMon_Handler
 .text.EXTI3_IRQHandler
                0x08001064        0xa build/stm32f4xx_it.o
                0x08001064                EXTI3_IRQHandler
 .text.EXTI4_IRQHandler
                0x0800106e        0xa build/stm32f4xx_it.o
                0x0800106e                EXTI4_IRQHandler
 .text.CAN1_RX0_IRQHandler
                0x08001078       0x10 build/stm32f4xx_it.o
                0x08001078                CAN1_RX0_IRQHandler
 .text.EXTI9_5_IRQHandler
                0x08001088       0x16 build/stm32f4xx_it.o
                0x08001088                EXTI9_5_IRQHandler
 *fill*         0x0800109e        0x2 
 .text.TIM2_IRQHandler
                0x080010a0       0x10 build/stm32f4xx_it.o
                0x080010a0                TIM2_IRQHandler
 .text.USART1_IRQHandler
                0x080010b0       0x10 build/stm32f4xx_it.o
                0x080010b0                USART1_IRQHandler
 .text.USART3_IRQHandler
                0x080010c0       0x10 build/stm32f4xx_it.o
                0x080010c0                USART3_IRQHandler
 .text.DMA2_Stream1_IRQHandler
                0x080010d0       0x10 build/stm32f4xx_it.o
                0x080010d0                DMA2_Stream1_IRQHandler
 .text.CAN2_RX0_IRQHandler
                0x080010e0       0x10 build/stm32f4xx_it.o
                0x080010e0                CAN2_RX0_IRQHandler
 .text.DMA2_Stream5_IRQHandler
                0x080010f0       0x10 build/stm32f4xx_it.o
                0x080010f0                DMA2_Stream5_IRQHandler
 .text.DMA2_Stream6_IRQHandler
                0x08001100       0x10 build/stm32f4xx_it.o
                0x08001100                DMA2_Stream6_IRQHandler
 .text.DMA2_Stream7_IRQHandler
                0x08001110       0x10 build/stm32f4xx_it.o
                0x08001110                DMA2_Stream7_IRQHandler
 .text.USART6_IRQHandler
                0x08001120       0x10 build/stm32f4xx_it.o
                0x08001120                USART6_IRQHandler
 .text.HAL_MspInit
                0x08001130       0x44 build/stm32f4xx_hal_msp.o
                0x08001130                HAL_MspInit
 .text.HAL_InitTick
                0x08001174       0xa4 build/stm32f4xx_hal_timebase_tim.o
                0x08001174                HAL_InitTick
 .text.HAL_CAN_Init
                0x08001218      0x14c build/stm32f4xx_hal_can.o
                0x08001218                HAL_CAN_Init
 .text.HAL_CAN_TxMailbox0CompleteCallback
                0x08001364        0x2 build/stm32f4xx_hal_can.o
                0x08001364                HAL_CAN_TxMailbox0CompleteCallback
 .text.HAL_CAN_TxMailbox1CompleteCallback
                0x08001366        0x2 build/stm32f4xx_hal_can.o
                0x08001366                HAL_CAN_TxMailbox1CompleteCallback
 .text.HAL_CAN_TxMailbox2CompleteCallback
                0x08001368        0x2 build/stm32f4xx_hal_can.o
                0x08001368                HAL_CAN_TxMailbox2CompleteCallback
 .text.HAL_CAN_TxMailbox0AbortCallback
                0x0800136a        0x2 build/stm32f4xx_hal_can.o
                0x0800136a                HAL_CAN_TxMailbox0AbortCallback
 .text.HAL_CAN_TxMailbox1AbortCallback
                0x0800136c        0x2 build/stm32f4xx_hal_can.o
                0x0800136c                HAL_CAN_TxMailbox1AbortCallback
 .text.HAL_CAN_TxMailbox2AbortCallback
                0x0800136e        0x2 build/stm32f4xx_hal_can.o
                0x0800136e                HAL_CAN_TxMailbox2AbortCallback
 .text.HAL_CAN_RxFifo0MsgPendingCallback
                0x08001370        0x2 build/stm32f4xx_hal_can.o
                0x08001370                HAL_CAN_RxFifo0MsgPendingCallback
 .text.HAL_CAN_RxFifo0FullCallback
                0x08001372        0x2 build/stm32f4xx_hal_can.o
                0x08001372                HAL_CAN_RxFifo0FullCallback
 .text.HAL_CAN_RxFifo1MsgPendingCallback
                0x08001374        0x2 build/stm32f4xx_hal_can.o
                0x08001374                HAL_CAN_RxFifo1MsgPendingCallback
 .text.HAL_CAN_RxFifo1FullCallback
                0x08001376        0x2 build/stm32f4xx_hal_can.o
                0x08001376                HAL_CAN_RxFifo1FullCallback
 .text.HAL_CAN_SleepCallback
                0x08001378        0x2 build/stm32f4xx_hal_can.o
                0x08001378                HAL_CAN_SleepCallback
 .text.HAL_CAN_WakeUpFromRxMsgCallback
                0x0800137a        0x2 build/stm32f4xx_hal_can.o
                0x0800137a                HAL_CAN_WakeUpFromRxMsgCallback
 .text.HAL_CAN_ErrorCallback
                0x0800137c        0x2 build/stm32f4xx_hal_can.o
                0x0800137c                HAL_CAN_ErrorCallback
 .text.HAL_CAN_IRQHandler
                0x0800137e      0x24a build/stm32f4xx_hal_can.o
                0x0800137e                HAL_CAN_IRQHandler
 .text.HAL_RCC_OscConfig
                0x080015c8      0x3f8 build/stm32f4xx_hal_rcc.o
                0x080015c8                HAL_RCC_OscConfig
 .text.HAL_RCC_GetSysClockFreq
                0x080019c0       0xa8 build/stm32f4xx_hal_rcc.o
                0x080019c0                HAL_RCC_GetSysClockFreq
 .text.HAL_RCC_ClockConfig
                0x08001a68      0x160 build/stm32f4xx_hal_rcc.o
                0x08001a68                HAL_RCC_ClockConfig
 .text.HAL_RCC_GetHCLKFreq
                0x08001bc8        0xc build/stm32f4xx_hal_rcc.o
                0x08001bc8                HAL_RCC_GetHCLKFreq
 .text.HAL_RCC_GetPCLK1Freq
                0x08001bd4       0x20 build/stm32f4xx_hal_rcc.o
                0x08001bd4                HAL_RCC_GetPCLK1Freq
 .text.HAL_RCC_GetPCLK2Freq
                0x08001bf4       0x20 build/stm32f4xx_hal_rcc.o
                0x08001bf4                HAL_RCC_GetPCLK2Freq
 .text.HAL_RCC_GetClockConfig
                0x08001c14       0x3c build/stm32f4xx_hal_rcc.o
                0x08001c14                HAL_RCC_GetClockConfig
 .text.HAL_GPIO_Init
                0x08001c50      0x1ec build/stm32f4xx_hal_gpio.o
                0x08001c50                HAL_GPIO_Init
 .text.HAL_GPIO_WritePin
                0x08001e3c        0xc build/stm32f4xx_hal_gpio.o
                0x08001e3c                HAL_GPIO_WritePin
 .text.HAL_GPIO_EXTI_Callback
                0x08001e48        0x2 build/stm32f4xx_hal_gpio.o
                0x08001e48                HAL_GPIO_EXTI_Callback
 *fill*         0x08001e4a        0x2 
 .text.HAL_GPIO_EXTI_IRQHandler
                0x08001e4c       0x1c build/stm32f4xx_hal_gpio.o
                0x08001e4c                HAL_GPIO_EXTI_IRQHandler
 .text.DMA_CalcBaseAndBitshift
                0x08001e68       0x44 build/stm32f4xx_hal_dma.o
 .text.DMA_CheckFifoParam
                0x08001eac       0x8e build/stm32f4xx_hal_dma.o
 *fill*         0x08001f3a        0x2 
 .text.HAL_DMA_Init
                0x08001f3c       0xcc build/stm32f4xx_hal_dma.o
                0x08001f3c                HAL_DMA_Init
 .text.HAL_DMA_Abort
                0x08002008       0x94 build/stm32f4xx_hal_dma.o
                0x08002008                HAL_DMA_Abort
 .text.HAL_DMA_Abort_IT
                0x0800209c       0x26 build/stm32f4xx_hal_dma.o
                0x0800209c                HAL_DMA_Abort_IT
 *fill*         0x080020c2        0x2 
 .text.HAL_DMA_IRQHandler
                0x080020c4      0x1dc build/stm32f4xx_hal_dma.o
                0x080020c4                HAL_DMA_IRQHandler
 .text.__NVIC_EnableIRQ
                0x080022a0       0x1c build/stm32f4xx_hal_cortex.o
 .text.__NVIC_SetPriority
                0x080022bc       0x28 build/stm32f4xx_hal_cortex.o
 .text.NVIC_EncodePriority
                0x080022e4       0x3e build/stm32f4xx_hal_cortex.o
 *fill*         0x08002322        0x2 
 .text.HAL_NVIC_SetPriorityGrouping
                0x08002324       0x24 build/stm32f4xx_hal_cortex.o
                0x08002324                HAL_NVIC_SetPriorityGrouping
 .text.HAL_NVIC_SetPriority
                0x08002348       0x20 build/stm32f4xx_hal_cortex.o
                0x08002348                HAL_NVIC_SetPriority
 .text.HAL_NVIC_EnableIRQ
                0x08002368        0x8 build/stm32f4xx_hal_cortex.o
                0x08002368                HAL_NVIC_EnableIRQ
 .text.HAL_Init
                0x08002370       0x34 build/stm32f4xx_hal.o
                0x08002370                HAL_Init
 .text.HAL_IncTick
                0x080023a4       0x18 build/stm32f4xx_hal.o
                0x080023a4                HAL_IncTick
 .text.HAL_GetTick
                0x080023bc        0xc build/stm32f4xx_hal.o
                0x080023bc                HAL_GetTick
 .text.HAL_SPI_Init
                0x080023c8       0xbe build/stm32f4xx_hal_spi.o
                0x080023c8                HAL_SPI_Init
 *fill*         0x08002486        0x2 
 .text.TIM_OC1_SetConfig
                0x08002488       0x70 build/stm32f4xx_hal_tim.o
 .text.TIM_OC3_SetConfig
                0x080024f8       0x70 build/stm32f4xx_hal_tim.o
 .text.TIM_OC4_SetConfig
                0x08002568       0x50 build/stm32f4xx_hal_tim.o
 .text.HAL_TIM_Base_Start_IT
                0x080025b8       0x88 build/stm32f4xx_hal_tim.o
                0x080025b8                HAL_TIM_Base_Start_IT
 .text.HAL_TIM_PWM_MspInit
                0x08002640        0x2 build/stm32f4xx_hal_tim.o
                0x08002640                HAL_TIM_PWM_MspInit
 .text.HAL_TIM_OC_DelayElapsedCallback
                0x08002642        0x2 build/stm32f4xx_hal_tim.o
                0x08002642                HAL_TIM_OC_DelayElapsedCallback
 .text.HAL_TIM_IC_CaptureCallback
                0x08002644        0x2 build/stm32f4xx_hal_tim.o
                0x08002644                HAL_TIM_IC_CaptureCallback
 .text.HAL_TIM_PWM_PulseFinishedCallback
                0x08002646        0x2 build/stm32f4xx_hal_tim.o
                0x08002646                HAL_TIM_PWM_PulseFinishedCallback
 .text.HAL_TIM_TriggerCallback
                0x08002648        0x2 build/stm32f4xx_hal_tim.o
                0x08002648                HAL_TIM_TriggerCallback
 .text.HAL_TIM_IRQHandler
                0x0800264a      0x15e build/stm32f4xx_hal_tim.o
                0x0800264a                HAL_TIM_IRQHandler
 .text.TIM_Base_SetConfig
                0x080027a8       0xd8 build/stm32f4xx_hal_tim.o
                0x080027a8                TIM_Base_SetConfig
 .text.HAL_TIM_Base_Init
                0x08002880       0x58 build/stm32f4xx_hal_tim.o
                0x08002880                HAL_TIM_Base_Init
 .text.HAL_TIM_PWM_Init
                0x080028d8       0x58 build/stm32f4xx_hal_tim.o
                0x080028d8                HAL_TIM_PWM_Init
 .text.TIM_OC2_SetConfig
                0x08002930       0x70 build/stm32f4xx_hal_tim.o
                0x08002930                TIM_OC2_SetConfig
 .text.HAL_TIM_PWM_ConfigChannel
                0x080029a0       0xdc build/stm32f4xx_hal_tim.o
                0x080029a0                HAL_TIM_PWM_ConfigChannel
 .text.HAL_TIMEx_CommutCallback
                0x08002a7c        0x2 build/stm32f4xx_hal_tim_ex.o
                0x08002a7c                HAL_TIMEx_CommutCallback
 .text.HAL_TIMEx_BreakCallback
                0x08002a7e        0x2 build/stm32f4xx_hal_tim_ex.o
                0x08002a7e                HAL_TIMEx_BreakCallback
 .text.UART_EndRxTransfer
                0x08002a80       0x5c build/stm32f4xx_hal_uart.o
 .text.UART_Transmit_IT
                0x08002adc       0x60 build/stm32f4xx_hal_uart.o
 .text.UART_SetConfig
                0x08002b3c      0x110 build/stm32f4xx_hal_uart.o
 .text.HAL_UART_Init
                0x08002c4c       0x60 build/stm32f4xx_hal_uart.o
                0x08002c4c                HAL_UART_Init
 .text.HAL_UART_TxCpltCallback
                0x08002cac        0x2 build/stm32f4xx_hal_uart.o
                0x08002cac                HAL_UART_TxCpltCallback
 .text.UART_EndTransmit_IT
                0x08002cae       0x1a build/stm32f4xx_hal_uart.o
 .text.HAL_UART_RxCpltCallback
                0x08002cc8        0x2 build/stm32f4xx_hal_uart.o
                0x08002cc8                HAL_UART_RxCpltCallback
 .text.HAL_UART_ErrorCallback
                0x08002cca        0x2 build/stm32f4xx_hal_uart.o
                0x08002cca                HAL_UART_ErrorCallback
 .text.UART_DMAAbortOnError
                0x08002ccc       0x10 build/stm32f4xx_hal_uart.o
 .text.HAL_UARTEx_RxEventCallback
                0x08002cdc        0x2 build/stm32f4xx_hal_uart.o
                0x08002cdc                HAL_UARTEx_RxEventCallback
 .text.UART_Receive_IT
                0x08002cde       0xe6 build/stm32f4xx_hal_uart.o
 .text.HAL_UART_IRQHandler
                0x08002dc4      0x284 build/stm32f4xx_hal_uart.o
                0x08002dc4                HAL_UART_IRQHandler
 .text.SystemInit
                0x08003048       0x14 build/system_stm32f4xx.o
                0x08003048                SystemInit
 .text.vListInitialise
                0x0800305c       0x16 build/list.o
                0x0800305c                vListInitialise
 .text.vListInitialiseItem
                0x08003072        0x6 build/list.o
                0x08003072                vListInitialiseItem
 .text.vListInsertEnd
                0x08003078       0x16 build/list.o
                0x08003078                vListInsertEnd
 .text.vListInsert
                0x0800308e       0x32 build/list.o
                0x0800308e                vListInsert
 .text.uxListRemove
                0x080030c0       0x26 build/list.o
                0x080030c0                uxListRemove
 .text.prvIsQueueFull
                0x080030e6       0x1e build/queue.o
 .text.prvIsQueueEmpty
                0x08003104       0x1a build/queue.o
 .text.prvCopyDataToQueue
                0x0800311e       0x76 build/queue.o
 .text.prvCopyDataFromQueue
                0x08003194       0x24 build/queue.o
 .text.prvUnlockQueue
                0x080031b8       0x6e build/queue.o
 .text.xQueueGenericReset
                0x08003226       0x84 build/queue.o
                0x08003226                xQueueGenericReset
 .text.prvInitialiseNewQueue
                0x080032aa       0x1c build/queue.o
 .text.xQueueGenericCreateStatic
                0x080032c6       0x94 build/queue.o
                0x080032c6                xQueueGenericCreateStatic
 .text.xQueueGenericSend
                0x0800335a      0x188 build/queue.o
                0x0800335a                xQueueGenericSend
 .text.xQueueGenericSendFromISR
                0x080034e2       0xce build/queue.o
                0x080034e2                xQueueGenericSendFromISR
 .text.xQueueReceive
                0x080035b0      0x15e build/queue.o
                0x080035b0                xQueueReceive
 *fill*         0x0800370e        0x2 
 .text.vQueueAddToRegistry
                0x08003710       0x28 build/queue.o
                0x08003710                vQueueAddToRegistry
 .text.vQueueWaitForMessageRestricted
                0x08003738       0x52 build/queue.o
                0x08003738                vQueueWaitForMessageRestricted
 *fill*         0x0800378a        0x2 
 .text.prvResetNextTaskUnblockTime
                0x0800378c       0x2c build/tasks.o
 .text.prvInitialiseNewTask
                0x080037b8       0xa6 build/tasks.o
 *fill*         0x0800385e        0x2 
 .text.prvInitialiseTaskLists
                0x08003860       0x68 build/tasks.o
 .text.prvAddNewTaskToReadyList
                0x080038c8       0xa8 build/tasks.o
 .text.prvDeleteTCB
                0x08003970       0x38 build/tasks.o
 .text.prvCheckTasksWaitingTermination
                0x080039a8       0x4c build/tasks.o
 .text.prvIdleTask
                0x080039f4       0x28 build/tasks.o
 .text.prvAddCurrentTaskToDelayedList
                0x08003a1c       0xa0 build/tasks.o
 .text.xTaskCreateStatic
                0x08003abc       0x76 build/tasks.o
                0x08003abc                xTaskCreateStatic
 .text.xTaskCreate
                0x08003b32       0x64 build/tasks.o
                0x08003b32                xTaskCreate
 *fill*         0x08003b96        0x2 
 .text.vTaskStartScheduler
                0x08003b98       0x98 build/tasks.o
                0x08003b98                vTaskStartScheduler
 .text.vTaskSuspendAll
                0x08003c30       0x10 build/tasks.o
                0x08003c30                vTaskSuspendAll
 .text.xTaskGetTickCount
                0x08003c40        0xc build/tasks.o
                0x08003c40                xTaskGetTickCount
 .text.xTaskIncrementTick
                0x08003c4c      0x118 build/tasks.o
                0x08003c4c                xTaskIncrementTick
 .text.xTaskResumeAll
                0x08003d64       0xf8 build/tasks.o
                0x08003d64                xTaskResumeAll
 .text.vTaskDelay
                0x08003e5c       0x4c build/tasks.o
                0x08003e5c                vTaskDelay
 .text.vTaskSwitchContext
                0x08003ea8       0x98 build/tasks.o
                0x08003ea8                vTaskSwitchContext
 .text.vTaskPlaceOnEventList
                0x08003f40       0x30 build/tasks.o
                0x08003f40                vTaskPlaceOnEventList
 .text.vTaskPlaceOnEventListRestricted
                0x08003f70       0x38 build/tasks.o
                0x08003f70                vTaskPlaceOnEventListRestricted
 .text.xTaskRemoveFromEventList
                0x08003fa8       0x8c build/tasks.o
                0x08003fa8                xTaskRemoveFromEventList
 .text.vTaskInternalSetTimeOutState
                0x08004034       0x18 build/tasks.o
                0x08004034                vTaskInternalSetTimeOutState
 .text.xTaskCheckForTimeOut
                0x0800404c       0xa0 build/tasks.o
                0x0800404c                xTaskCheckForTimeOut
 .text.vTaskMissedYield
                0x080040ec        0xc build/tasks.o
                0x080040ec                vTaskMissedYield
 .text.xTaskGetSchedulerState
                0x080040f8       0x20 build/tasks.o
                0x080040f8                xTaskGetSchedulerState
 .text.xTaskPriorityDisinherit
                0x08004118       0xb0 build/tasks.o
                0x08004118                xTaskPriorityDisinherit
 .text.prvGetNextExpireTime
                0x080041c8       0x20 build/timers.o
 .text.prvInsertTimerInActiveList
                0x080041e8       0x48 build/timers.o
 .text.prvCheckForValidListAndQueue
                0x08004230       0x70 build/timers.o
 .text.xTimerCreateTimerTask
                0x080042a0       0x64 build/timers.o
                0x080042a0                xTimerCreateTimerTask
 .text.xTimerGenericCommand
                0x08004304       0x6c build/timers.o
                0x08004304                xTimerGenericCommand
 .text.prvSwitchTimerLists
                0x08004370       0x7c build/timers.o
 .text.prvSampleTimeNow
                0x080043ec       0x2c build/timers.o
 .text.prvProcessExpiredTimer
                0x08004418       0x6c build/timers.o
 .text.prvProcessTimerOrBlockTask
                0x08004484       0x74 build/timers.o
 .text.prvProcessReceivedCommands
                0x080044f8      0x10c build/timers.o
 .text.prvTimerTask
                0x08004604       0x16 build/timers.o
 .text.makeFreeRtosPriority
                0x0800461a        0xc build/cmsis_os.o
 .text.osKernelStart
                0x08004626        0xa build/cmsis_os.o
                0x08004626                osKernelStart
 .text.osThreadCreate
                0x08004630       0x66 build/cmsis_os.o
                0x08004630                osThreadCreate
 .text.osDelay  0x08004696        0xe build/cmsis_os.o
                0x08004696                osDelay
 .text.prvHeapInit
                0x080046a4       0x64 build/heap_4.o
 .text.prvInsertBlockIntoFreeList
                0x08004708       0x64 build/heap_4.o
 .text.pvPortMalloc
                0x0800476c      0x104 build/heap_4.o
                0x0800476c                pvPortMalloc
 .text.vPortFree
                0x08004870       0x7c build/heap_4.o
                0x08004870                vPortFree
 .text.prvTaskExitError
                0x080048ec       0x40 build/port.o
 .text.prvPortStartFirstTask
                0x0800492c       0x28 build/port.o
 .text.vPortEnableVFP
                0x08004954       0x14 build/port.o
 .text.pxPortInitialiseStack
                0x08004968       0x2c build/port.o
                0x08004968                pxPortInitialiseStack
 *fill*         0x08004994        0xc 
 .text.SVC_Handler
                0x080049a0       0x24 build/port.o
                0x080049a0                SVC_Handler
 .text.vPortEnterCritical
                0x080049c4       0x44 build/port.o
                0x080049c4                vPortEnterCritical
 .text.vPortExitCritical
                0x08004a08       0x2c build/port.o
                0x08004a08                vPortExitCritical
 *fill*         0x08004a34        0xc 
 .text.PendSV_Handler
                0x08004a40       0x64 build/port.o
                0x08004a40                PendSV_Handler
 .text.SysTick_Handler
                0x08004aa4       0x2c build/port.o
                0x08004aa4                SysTick_Handler
 .text.vPortSetupTimerInterrupt
                0x08004ad0       0x28 build/port.o
                0x08004ad0                vPortSetupTimerInterrupt
 .text.xPortStartScheduler
                0x08004af8      0x118 build/port.o
                0x08004af8                xPortStartScheduler
 .text.vPortValidateInterruptPriority
                0x08004c10       0x5c build/port.o
                0x08004c10                vPortValidateInterruptPriority
 .text.Reset_Handler
                0x08004c6c       0x50 build/startup_stm32f407xx.o
                0x08004c6c                Reset_Handler
 .text.Default_Handler
                0x08004cbc        0x2 build/startup_stm32f407xx.o
                0x08004cbc                RTC_Alarm_IRQHandler
                0x08004cbc                HASH_RNG_IRQHandler
                0x08004cbc                EXTI2_IRQHandler
                0x08004cbc                TIM8_CC_IRQHandler
                0x08004cbc                TIM1_CC_IRQHandler
                0x08004cbc                DMA1_Stream5_IRQHandler
                0x08004cbc                PVD_IRQHandler
                0x08004cbc                SDIO_IRQHandler
                0x08004cbc                TAMP_STAMP_IRQHandler
                0x08004cbc                CAN2_RX1_IRQHandler
                0x08004cbc                TIM8_TRG_COM_TIM14_IRQHandler
                0x08004cbc                TIM1_UP_TIM10_IRQHandler
                0x08004cbc                TIM8_UP_TIM13_IRQHandler
                0x08004cbc                I2C3_ER_IRQHandler
                0x08004cbc                EXTI0_IRQHandler
                0x08004cbc                I2C2_EV_IRQHandler
                0x08004cbc                DMA1_Stream2_IRQHandler
                0x08004cbc                FPU_IRQHandler
                0x08004cbc                OTG_HS_WKUP_IRQHandler
                0x08004cbc                CAN2_SCE_IRQHandler
                0x08004cbc                DMA2_Stream2_IRQHandler
                0x08004cbc                SPI1_IRQHandler
                0x08004cbc                TIM6_DAC_IRQHandler
                0x08004cbc                TIM1_BRK_TIM9_IRQHandler
                0x08004cbc                DCMI_IRQHandler
                0x08004cbc                DMA2_Stream3_IRQHandler
                0x08004cbc                CAN1_RX1_IRQHandler
                0x08004cbc                UART5_IRQHandler
                0x08004cbc                DMA2_Stream0_IRQHandler
                0x08004cbc                TIM4_IRQHandler
                0x08004cbc                I2C1_EV_IRQHandler
                0x08004cbc                DMA1_Stream6_IRQHandler
                0x08004cbc                DMA1_Stream1_IRQHandler
                0x08004cbc                UART4_IRQHandler
                0x08004cbc                TIM3_IRQHandler
                0x08004cbc                RCC_IRQHandler
                0x08004cbc                TIM8_BRK_TIM12_IRQHandler
                0x08004cbc                Default_Handler
                0x08004cbc                EXTI15_10_IRQHandler
                0x08004cbc                ADC_IRQHandler
                0x08004cbc                DMA1_Stream7_IRQHandler
                0x08004cbc                TIM7_IRQHandler
                0x08004cbc                CAN2_TX_IRQHandler
                0x08004cbc                TIM5_IRQHandler
                0x08004cbc                I2C3_EV_IRQHandler
                0x08004cbc                RTC_WKUP_IRQHandler
                0x08004cbc                ETH_WKUP_IRQHandler
                0x08004cbc                SPI2_IRQHandler
                0x08004cbc                OTG_HS_EP1_IN_IRQHandler
                0x08004cbc                DMA1_Stream0_IRQHandler
                0x08004cbc                CAN1_TX_IRQHandler
                0x08004cbc                FSMC_IRQHandler
                0x08004cbc                ETH_IRQHandler
                0x08004cbc                OTG_HS_EP1_OUT_IRQHandler
                0x08004cbc                WWDG_IRQHandler
                0x08004cbc                OTG_FS_WKUP_IRQHandler
                0x08004cbc                TIM1_TRG_COM_TIM11_IRQHandler
                0x08004cbc                OTG_HS_IRQHandler
                0x08004cbc                EXTI1_IRQHandler
                0x08004cbc                USART2_IRQHandler
                0x08004cbc                I2C2_ER_IRQHandler
                0x08004cbc                CAN1_SCE_IRQHandler
                0x08004cbc                FLASH_IRQHandler
                0x08004cbc                DMA2_Stream4_IRQHandler
                0x08004cbc                OTG_FS_IRQHandler
                0x08004cbc                SPI3_IRQHandler
                0x08004cbc                DMA1_Stream4_IRQHandler
                0x08004cbc                I2C1_ER_IRQHandler
                0x08004cbc                DMA1_Stream3_IRQHandler
 .text.__udivmoddi4
                0x08004cbe      0x2a0 d:/msys2/mingw64/bin/../lib/gcc/arm-none-eabi/12.2.0/thumb/v7e-m+fp/hard\libgcc.a(_udivmoddi4.o)
                0x08004cbe                __udivmoddi4
 *(.glue_7)
 .glue_7        0x08004f5e        0x0 linker stubs
 *(.glue_7t)
 .glue_7t       0x08004f5e        0x0 linker stubs
 *(.eh_frame)
 *fill*         0x08004f5e        0x2 
 .eh_frame      0x08004f60        0x0 d:/msys2/mingw64/bin/../lib/gcc/arm-none-eabi/12.2.0/thumb/v7e-m+fp/hard/crtbegin.o
 *(.init)
 .init          0x08004f60        0x4 d:/msys2/mingw64/bin/../lib/gcc/arm-none-eabi/12.2.0/thumb/v7e-m+fp/hard/crti.o
                0x08004f60                _init
 .init          0x08004f64        0x8 d:/msys2/mingw64/bin/../lib/gcc/arm-none-eabi/12.2.0/thumb/v7e-m+fp/hard/crtn.o
 *(.fini)
 .fini          0x08004f6c        0x4 d:/msys2/mingw64/bin/../lib/gcc/arm-none-eabi/12.2.0/thumb/v7e-m+fp/hard/crti.o
                0x08004f6c                _fini
 .fini          0x08004f70        0x8 d:/msys2/mingw64/bin/../lib/gcc/arm-none-eabi/12.2.0/thumb/v7e-m+fp/hard/crtn.o
                0x08004f78                        . = ALIGN (0x4)
                0x08004f78                        _etext = .

.vfp11_veneer   0x08004f78        0x0
 .vfp11_veneer  0x08004f78        0x0 linker stubs

.v4_bx          0x08004f78        0x0
 .v4_bx         0x08004f78        0x0 linker stubs

.iplt           0x08004f78        0x0
 .iplt          0x08004f78        0x0 d:/msys2/mingw64/bin/../lib/gcc/arm-none-eabi/12.2.0/thumb/v7e-m+fp/hard/crtbegin.o

.rodata         0x08004f78       0xd4
                0x08004f78                        . = ALIGN (0x4)
 *(.rodata)
 .rodata        0x08004f78       0x70 build/freertos.o
 *(.rodata*)
 .rodata.str1.4
                0x08004fe8       0x44 build/freertos.o
                                 0x2b (size before relaxing)
 .rodata.flagBitshiftOffset.0
                0x0800502c        0x8 build/stm32f4xx_hal_dma.o
 .rodata.APBPrescTable
                0x08005034        0x8 build/system_stm32f4xx.o
                0x08005034                APBPrescTable
 .rodata.AHBPrescTable
                0x0800503c       0x10 build/system_stm32f4xx.o
                0x0800503c                AHBPrescTable
 .rodata.vTaskStartScheduler.str1.4
                0x0800504c        0x5 build/tasks.o
 .rodata.prvCheckForValidListAndQueue.str1.4
                0x0800504c        0x5 build/timers.o
 .rodata.xTimerCreateTimerTask.str1.4
                0x0800504c        0x8 build/timers.o
                0x08005054                        . = ALIGN (0x4)

.ARM.extab
 *(.ARM.extab* .gnu.linkonce.armextab.*)

.ARM            0x0800504c        0x8
                0x0800504c                        __exidx_start = .
 *(.ARM.exidx*)
 .ARM.exidx     0x0800504c        0x8 d:/msys2/mingw64/bin/../lib/gcc/arm-none-eabi/12.2.0/../../../../arm-none-eabi/lib/thumb/v7e-m+fp/hard\libc_nano.a(libc_a-memcpy.o)
 .ARM.exidx.text.__udivmoddi4
                0x08005054        0x0 d:/msys2/mingw64/bin/../lib/gcc/arm-none-eabi/12.2.0/thumb/v7e-m+fp/hard\libgcc.a(_udivmoddi4.o)
                                  0x8 (size before relaxing)
                0x08005054                        __exidx_end = .

.rel.dyn        0x08005054        0x0
 .rel.iplt      0x08005054        0x0 d:/msys2/mingw64/bin/../lib/gcc/arm-none-eabi/12.2.0/thumb/v7e-m+fp/hard/crtbegin.o

.preinit_array  0x08005054        0x0
                0x08005054                        PROVIDE (__preinit_array_start = .)
 *(.preinit_array*)
                0x08005054                        PROVIDE (__preinit_array_end = .)

.init_array     0x08005054        0x4
                0x08005054                        PROVIDE (__init_array_start = .)
 *(SORT_BY_NAME(.init_array.*))
 *(.init_array*)
 .init_array    0x08005054        0x4 d:/msys2/mingw64/bin/../lib/gcc/arm-none-eabi/12.2.0/thumb/v7e-m+fp/hard/crtbegin.o
                0x08005058                        PROVIDE (__init_array_end = .)

.fini_array     0x08005058        0x4
                0x08005058                        PROVIDE (__fini_array_start = .)
 *(SORT_BY_NAME(.fini_array.*))
 *(.fini_array*)
 .fini_array    0x08005058        0x4 d:/msys2/mingw64/bin/../lib/gcc/arm-none-eabi/12.2.0/thumb/v7e-m+fp/hard/crtbegin.o
                0x0800505c                        PROVIDE (__fini_array_end = .)
                0x0800505c                        _sidata = LOADADDR (.data)

.data           0x20000000       0x10 load address 0x0800505c
                0x20000000                        . = ALIGN (0x4)
                0x20000000                        _sdata = .
 *(.data)
 *(.data*)
 .data.uwTickFreq
                0x20000000        0x1 build/stm32f4xx_hal.o
                0x20000000                uwTickFreq
 *fill*         0x20000001        0x3 
 .data.uwTickPrio
                0x20000004        0x4 build/stm32f4xx_hal.o
                0x20000004                uwTickPrio
 .data.SystemCoreClock
                0x20000008        0x4 build/system_stm32f4xx.o
                0x20000008                SystemCoreClock
 .data.uxCriticalNesting
                0x2000000c        0x4 build/port.o
                0x20000010                        . = ALIGN (0x4)
                0x20000010                        _edata = .
                0x0800506c                        _siccmram = LOADADDR (.ccmram)

.igot.plt       0x20000010        0x0 load address 0x0800506c
 .igot.plt      0x20000010        0x0 d:/msys2/mingw64/bin/../lib/gcc/arm-none-eabi/12.2.0/thumb/v7e-m+fp/hard/crtbegin.o

.ccmram         0x10000000        0x0 load address 0x0800506c
                0x10000000                        . = ALIGN (0x4)
                0x10000000                        _sccmram = .
 *(.ccmram)
 *(.ccmram*)
                0x10000000                        . = ALIGN (0x4)
                0x10000000                        _eccmram = .
                0x10000000                        . = ALIGN (0x4)

.bss            0x20000010     0x6e44
                0x20000010                        _sbss = .
                0x20000010                        __bss_start__ = _sbss
 *(.bss)
 *(.bss*)
 .bss.completed.1
                0x20000010        0x1 d:/msys2/mingw64/bin/../lib/gcc/arm-none-eabi/12.2.0/thumb/v7e-m+fp/hard/crtbegin.o
 *fill*         0x20000011        0x3 
 .bss.object.0  0x20000014       0x18 d:/msys2/mingw64/bin/../lib/gcc/arm-none-eabi/12.2.0/thumb/v7e-m+fp/hard/crtbegin.o
 .bss.xTimerStack
                0x2000002c      0x400 build/freertos.o
 .bss.xTimerTaskTCBBuffer
                0x2000042c       0x54 build/freertos.o
 .bss.xIdleStack
                0x20000480      0x200 build/freertos.o
 .bss.xIdleTaskTCBBuffer
                0x20000680       0x54 build/freertos.o
 .bss.ControlTaskHandle
                0x200006d4        0x4 build/freertos.o
                0x200006d4                ControlTaskHandle
 .bss.DetectTaskHandle
                0x200006d8        0x4 build/freertos.o
                0x200006d8                DetectTaskHandle
 .bss.INSTaskHandle
                0x200006dc        0x4 build/freertos.o
                0x200006dc                INSTaskHandle
 .bss.GimbalTaskHandle
                0x200006e0        0x4 build/freertos.o
                0x200006e0                GimbalTaskHandle
 .bss.HAL_RCC_CAN1_CLK_ENABLED
                0x200006e4        0x4 build/can.o
 .bss.hcan2     0x200006e8       0x28 build/can.o
                0x200006e8                hcan2
 .bss.hcan1     0x20000710       0x28 build/can.o
                0x20000710                hcan1
 .bss.hdma_spi1_tx
                0x20000738       0x60 build/spi.o
                0x20000738                hdma_spi1_tx
 .bss.hdma_spi1_rx
                0x20000798       0x60 build/spi.o
                0x20000798                hdma_spi1_rx
 .bss.hspi1     0x200007f8       0x58 build/spi.o
                0x200007f8                hspi1
 .bss.htim10    0x20000850       0x48 build/tim.o
                0x20000850                htim10
 .bss.hdma_usart6_rx
                0x20000898       0x60 build/usart.o
                0x20000898                hdma_usart6_rx
 .bss.hdma_usart6_tx
                0x200008f8       0x60 build/usart.o
                0x200008f8                hdma_usart6_tx
 .bss.hdma_usart3_rx
                0x20000958       0x60 build/usart.o
                0x20000958                hdma_usart3_rx
 .bss.hdma_usart1_rx
                0x200009b8       0x60 build/usart.o
                0x200009b8                hdma_usart1_rx
 .bss.hdma_usart1_tx
                0x20000a18       0x60 build/usart.o
                0x20000a18                hdma_usart1_tx
 .bss.huart6    0x20000a78       0x48 build/usart.o
                0x20000a78                huart6
 .bss.huart3    0x20000ac0       0x48 build/usart.o
                0x20000ac0                huart3
 .bss.huart1    0x20000b08       0x48 build/usart.o
                0x20000b08                huart1
 .bss.htim2     0x20000b50       0x48 build/stm32f4xx_hal_timebase_tim.o
                0x20000b50                htim2
 .bss.uwTick    0x20000b98        0x4 build/stm32f4xx_hal.o
                0x20000b98                uwTick
 .bss.xQueueRegistry
                0x20000b9c       0x40 build/queue.o
                0x20000b9c                xQueueRegistry
 .bss.uxSchedulerSuspended
                0x20000bdc        0x4 build/tasks.o
 .bss.xIdleTaskHandle
                0x20000be0        0x4 build/tasks.o
 .bss.xNextTaskUnblockTime
                0x20000be4        0x4 build/tasks.o
 .bss.uxTaskNumber
                0x20000be8        0x4 build/tasks.o
 .bss.xNumOfOverflows
                0x20000bec        0x4 build/tasks.o
 .bss.xYieldPending
                0x20000bf0        0x4 build/tasks.o
 .bss.xPendedTicks
                0x20000bf4        0x4 build/tasks.o
 .bss.xSchedulerRunning
                0x20000bf8        0x4 build/tasks.o
 .bss.uxTopReadyPriority
                0x20000bfc        0x4 build/tasks.o
 .bss.xTickCount
                0x20000c00        0x4 build/tasks.o
 .bss.uxCurrentNumberOfTasks
                0x20000c04        0x4 build/tasks.o
 .bss.xSuspendedTaskList
                0x20000c08       0x14 build/tasks.o
 .bss.uxDeletedTasksWaitingCleanUp
                0x20000c1c        0x4 build/tasks.o
 .bss.xTasksWaitingTermination
                0x20000c20       0x14 build/tasks.o
 .bss.xPendingReadyList
                0x20000c34       0x14 build/tasks.o
 .bss.pxOverflowDelayedTaskList
                0x20000c48        0x4 build/tasks.o
 .bss.pxDelayedTaskList
                0x20000c4c        0x4 build/tasks.o
 .bss.xDelayedTaskList2
                0x20000c50       0x14 build/tasks.o
 .bss.xDelayedTaskList1
                0x20000c64       0x14 build/tasks.o
 .bss.pxReadyTasksLists
                0x20000c78       0x8c build/tasks.o
 .bss.pxCurrentTCB
                0x20000d04        0x4 build/tasks.o
                0x20000d04                pxCurrentTCB
 .bss.xStaticTimerQueue.0
                0x20000d08       0x48 build/timers.o
 .bss.ucStaticTimerQueueStorage.1
                0x20000d50       0xa0 build/timers.o
 .bss.xLastTime.2
                0x20000df0        0x4 build/timers.o
 .bss.xTimerTaskHandle
                0x20000df4        0x4 build/timers.o
 .bss.xTimerQueue
                0x20000df8        0x4 build/timers.o
 .bss.pxOverflowTimerList
                0x20000dfc        0x4 build/timers.o
 .bss.pxCurrentTimerList
                0x20000e00        0x4 build/timers.o
 .bss.xActiveTimerList2
                0x20000e04       0x14 build/timers.o
 .bss.xActiveTimerList1
                0x20000e18       0x14 build/timers.o
 .bss.xBlockAllocatedBit
                0x20000e2c        0x4 build/heap_4.o
 .bss.xNumberOfSuccessfulFrees
                0x20000e30        0x4 build/heap_4.o
 .bss.xNumberOfSuccessfulAllocations
                0x20000e34        0x4 build/heap_4.o
 .bss.xMinimumEverFreeBytesRemaining
                0x20000e38        0x4 build/heap_4.o
 .bss.xFreeBytesRemaining
                0x20000e3c        0x4 build/heap_4.o
 .bss.pxEnd     0x20000e40        0x4 build/heap_4.o
 .bss.xStart    0x20000e44        0x8 build/heap_4.o
 .bss.ucHeap    0x20000e4c     0x6000 build/heap_4.o
 .bss.ulMaxPRIGROUPValue
                0x20006e4c        0x4 build/port.o
 .bss.ucMaxSysCallPriority
                0x20006e50        0x1 build/port.o
 *(COMMON)
                0x20006e54                        . = ALIGN (0x4)
 *fill*         0x20006e51        0x3 
                0x20006e54                        _ebss = .
                0x20006e54                        __bss_end__ = _ebss

._user_heap_stack
                0x20006e54     0x4004
                0x20006e58                        . = ALIGN (0x8)
 *fill*         0x20006e54        0x4 
                [!provide]                        PROVIDE (end = .)
                0x20006e58                        PROVIDE (_end = .)
                0x20008e58                        . = (. + _Min_Heap_Size)
 *fill*         0x20006e58     0x2000 
                0x2000ae58                        . = (. + _Min_Stack_Size)
 *fill*         0x20008e58     0x2000 
                0x2000ae58                        . = ALIGN (0x8)

/DISCARD/
 libc.a(*)
 libm.a(*)
 libgcc.a(*)
OUTPUT(build/C_Board_Standard_Robot.elf elf32-littlearm)
LOAD linker stubs
LOAD d:/msys2/mingw64/bin/../lib/gcc/arm-none-eabi/12.2.0/../../../../arm-none-eabi/lib/thumb/v7e-m+fp/hard\libc.a
LOAD d:/msys2/mingw64/bin/../lib/gcc/arm-none-eabi/12.2.0/../../../../arm-none-eabi/lib/thumb/v7e-m+fp/hard\libm.a
LOAD d:/msys2/mingw64/bin/../lib/gcc/arm-none-eabi/12.2.0/thumb/v7e-m+fp/hard\libgcc.a

.ARM.attributes
                0x00000000       0x30
 .ARM.attributes
                0x00000000       0x22 d:/msys2/mingw64/bin/../lib/gcc/arm-none-eabi/12.2.0/thumb/v7e-m+fp/hard/crti.o
 .ARM.attributes
                0x00000022       0x34 d:/msys2/mingw64/bin/../lib/gcc/arm-none-eabi/12.2.0/thumb/v7e-m+fp/hard/crtbegin.o
 .ARM.attributes
                0x00000056       0x34 build/main.o
 .ARM.attributes
                0x0000008a       0x34 build/gpio.o
 .ARM.attributes
                0x000000be       0x34 build/freertos.o
 .ARM.attributes
                0x000000f2       0x34 build/can.o
 .ARM.attributes
                0x00000126       0x34 build/dma.o
 .ARM.attributes
                0x0000015a       0x34 build/spi.o
 .ARM.attributes
                0x0000018e       0x34 build/tim.o
 .ARM.attributes
                0x000001c2       0x34 build/usart.o
 .ARM.attributes
                0x000001f6       0x34 build/stm32f4xx_it.o
 .ARM.attributes
                0x0000022a       0x34 build/stm32f4xx_hal_msp.o
 .ARM.attributes
                0x0000025e       0x34 build/stm32f4xx_hal_timebase_tim.o
 .ARM.attributes
                0x00000292       0x34 build/stm32f4xx_hal_can.o
 .ARM.attributes
                0x000002c6       0x34 build/stm32f4xx_hal_rcc.o
 .ARM.attributes
                0x000002fa       0x34 build/stm32f4xx_hal_gpio.o
 .ARM.attributes
                0x0000032e       0x34 build/stm32f4xx_hal_dma.o
 .ARM.attributes
                0x00000362       0x34 build/stm32f4xx_hal_cortex.o
 .ARM.attributes
                0x00000396       0x34 build/stm32f4xx_hal.o
 .ARM.attributes
                0x000003ca       0x34 build/stm32f4xx_hal_spi.o
 .ARM.attributes
                0x000003fe       0x34 build/stm32f4xx_hal_tim.o
 .ARM.attributes
                0x00000432       0x34 build/stm32f4xx_hal_tim_ex.o
 .ARM.attributes
                0x00000466       0x34 build/stm32f4xx_hal_uart.o
 .ARM.attributes
                0x0000049a       0x34 build/system_stm32f4xx.o
 .ARM.attributes
                0x000004ce       0x34 build/list.o
 .ARM.attributes
                0x00000502       0x34 build/queue.o
 .ARM.attributes
                0x00000536       0x34 build/tasks.o
 .ARM.attributes
                0x0000056a       0x34 build/timers.o
 .ARM.attributes
                0x0000059e       0x34 build/cmsis_os.o
 .ARM.attributes
                0x000005d2       0x34 build/heap_4.o
 .ARM.attributes
                0x00000606       0x34 build/port.o
 .ARM.attributes
                0x0000063a       0x21 build/startup_stm32f407xx.o
 .ARM.attributes
                0x0000065b       0x34 d:/msys2/mingw64/bin/../lib/gcc/arm-none-eabi/12.2.0/../../../../arm-none-eabi/lib/thumb/v7e-m+fp/hard\libc_nano.a(libc_a-memset.o)
 .ARM.attributes
                0x0000068f       0x34 d:/msys2/mingw64/bin/../lib/gcc/arm-none-eabi/12.2.0/../../../../arm-none-eabi/lib/thumb/v7e-m+fp/hard\libc_nano.a(libc_a-init.o)
 .ARM.attributes
                0x000006c3       0x20 d:/msys2/mingw64/bin/../lib/gcc/arm-none-eabi/12.2.0/../../../../arm-none-eabi/lib/thumb/v7e-m+fp/hard\libc_nano.a(libc_a-memcpy.o)
 .ARM.attributes
                0x000006e3       0x22 d:/msys2/mingw64/bin/../lib/gcc/arm-none-eabi/12.2.0/thumb/v7e-m+fp/hard\libgcc.a(_aeabi_uldivmod.o)
 .ARM.attributes
                0x00000705       0x34 d:/msys2/mingw64/bin/../lib/gcc/arm-none-eabi/12.2.0/thumb/v7e-m+fp/hard\libgcc.a(_udivmoddi4.o)
 .ARM.attributes
                0x00000739       0x22 d:/msys2/mingw64/bin/../lib/gcc/arm-none-eabi/12.2.0/thumb/v7e-m+fp/hard\libgcc.a(_dvmd_tls.o)
 .ARM.attributes
                0x0000075b       0x22 d:/msys2/mingw64/bin/../lib/gcc/arm-none-eabi/12.2.0/thumb/v7e-m+fp/hard/crtn.o

.comment        0x00000000       0x12
 .comment       0x00000000       0x12 build/main.o
                                 0x13 (size before relaxing)
 .comment       0x00000012       0x13 build/gpio.o
 .comment       0x00000012       0x13 build/freertos.o
 .comment       0x00000012       0x13 build/can.o
 .comment       0x00000012       0x13 build/dma.o
 .comment       0x00000012       0x13 build/spi.o
 .comment       0x00000012       0x13 build/tim.o
 .comment       0x00000012       0x13 build/usart.o
 .comment       0x00000012       0x13 build/stm32f4xx_it.o
 .comment       0x00000012       0x13 build/stm32f4xx_hal_msp.o
 .comment       0x00000012       0x13 build/stm32f4xx_hal_timebase_tim.o
 .comment       0x00000012       0x13 build/stm32f4xx_hal_can.o
 .comment       0x00000012       0x13 build/stm32f4xx_hal_rcc.o
 .comment       0x00000012       0x13 build/stm32f4xx_hal_gpio.o
 .comment       0x00000012       0x13 build/stm32f4xx_hal_dma.o
 .comment       0x00000012       0x13 build/stm32f4xx_hal_cortex.o
 .comment       0x00000012       0x13 build/stm32f4xx_hal.o
 .comment       0x00000012       0x13 build/stm32f4xx_hal_spi.o
 .comment       0x00000012       0x13 build/stm32f4xx_hal_tim.o
 .comment       0x00000012       0x13 build/stm32f4xx_hal_tim_ex.o
 .comment       0x00000012       0x13 build/stm32f4xx_hal_uart.o
 .comment       0x00000012       0x13 build/system_stm32f4xx.o
 .comment       0x00000012       0x13 build/list.o
 .comment       0x00000012       0x13 build/queue.o
 .comment       0x00000012       0x13 build/tasks.o
 .comment       0x00000012       0x13 build/timers.o
 .comment       0x00000012       0x13 build/cmsis_os.o
 .comment       0x00000012       0x13 build/heap_4.o
 .comment       0x00000012       0x13 build/port.o
 .comment       0x00000012       0x13 d:/msys2/mingw64/bin/../lib/gcc/arm-none-eabi/12.2.0/../../../../arm-none-eabi/lib/thumb/v7e-m+fp/hard\libc_nano.a(libc_a-memset.o)
 .comment       0x00000012       0x13 d:/msys2/mingw64/bin/../lib/gcc/arm-none-eabi/12.2.0/../../../../arm-none-eabi/lib/thumb/v7e-m+fp/hard\libc_nano.a(libc_a-init.o)
 .comment       0x00000012       0x13 d:/msys2/mingw64/bin/../lib/gcc/arm-none-eabi/12.2.0/thumb/v7e-m+fp/hard\libgcc.a(_udivmoddi4.o)

.debug_info     0x00000000    0x25433
 .debug_info    0x00000000      0xe07 build/main.o
 .debug_info    0x00000e07      0x9b4 build/gpio.o
 .debug_info    0x000017bb      0x728 build/freertos.o
 .debug_info    0x00001ee3      0xdf0 build/can.o
 .debug_info    0x00002cd3      0x6b5 build/dma.o
 .debug_info    0x00003388      0xc60 build/spi.o
 .debug_info    0x00003fe8      0xd27 build/tim.o
 .debug_info    0x00004d0f     0x11bf build/usart.o
 .debug_info    0x00005ece     0x1193 build/stm32f4xx_it.o
 .debug_info    0x00007061      0x55a build/stm32f4xx_hal_msp.o
 .debug_info    0x000075bb      0xde2 build/stm32f4xx_hal_timebase_tim.o
 .debug_info    0x0000839d     0x13d6 build/stm32f4xx_hal_can.o
 .debug_info    0x00009773      0xc0a build/stm32f4xx_hal_rcc.o
 .debug_info    0x0000a37d      0x848 build/stm32f4xx_hal_gpio.o
 .debug_info    0x0000abc5      0xbce build/stm32f4xx_hal_dma.o
 .debug_info    0x0000b793     0x11a6 build/stm32f4xx_hal_cortex.o
 .debug_info    0x0000c939      0xafa build/stm32f4xx_hal.o
 .debug_info    0x0000d433     0x1f56 build/stm32f4xx_hal_spi.o
 .debug_info    0x0000f389     0x412d build/stm32f4xx_hal_tim.o
 .debug_info    0x000134b6     0x1d81 build/stm32f4xx_hal_tim_ex.o
 .debug_info    0x00015237     0x436c build/stm32f4xx_hal_uart.o
 .debug_info    0x000195a3      0x5b3 build/system_stm32f4xx.o
 .debug_info    0x00019b56      0x30f build/list.o
 .debug_info    0x00019e65     0x264d build/queue.o
 .debug_info    0x0001c4b2     0x328f build/tasks.o
 .debug_info    0x0001f741     0x1c59 build/timers.o
 .debug_info    0x0002139a     0x2ace build/cmsis_os.o
 .debug_info    0x00023e68      0x60c build/heap_4.o
 .debug_info    0x00024474      0x5c2 build/port.o
 .debug_info    0x00024a36       0x30 build/startup_stm32f407xx.o
 .debug_info    0x00024a66      0x135 d:/msys2/mingw64/bin/../lib/gcc/arm-none-eabi/12.2.0/../../../../arm-none-eabi/lib/thumb/v7e-m+fp/hard\libc_nano.a(libc_a-memset.o)
 .debug_info    0x00024b9b      0x10b d:/msys2/mingw64/bin/../lib/gcc/arm-none-eabi/12.2.0/../../../../arm-none-eabi/lib/thumb/v7e-m+fp/hard\libc_nano.a(libc_a-init.o)
 .debug_info    0x00024ca6       0x33 d:/msys2/mingw64/bin/../lib/gcc/arm-none-eabi/12.2.0/../../../../arm-none-eabi/lib/thumb/v7e-m+fp/hard\libc_nano.a(libc_a-memcpy.o)
 .debug_info    0x00024cd9       0x24 d:/msys2/mingw64/bin/../lib/gcc/arm-none-eabi/12.2.0/thumb/v7e-m+fp/hard\libgcc.a(_aeabi_uldivmod.o)
 .debug_info    0x00024cfd      0x6fd d:/msys2/mingw64/bin/../lib/gcc/arm-none-eabi/12.2.0/thumb/v7e-m+fp/hard\libgcc.a(_udivmoddi4.o)
 .debug_info    0x000253fa       0x39 d:/msys2/mingw64/bin/../lib/gcc/arm-none-eabi/12.2.0/thumb/v7e-m+fp/hard\libgcc.a(_dvmd_tls.o)

.debug_abbrev   0x00000000     0x4c16
 .debug_abbrev  0x00000000      0x265 build/main.o
 .debug_abbrev  0x00000265      0x17e build/gpio.o
 .debug_abbrev  0x000003e3      0x1b7 build/freertos.o
 .debug_abbrev  0x0000059a      0x214 build/can.o
 .debug_abbrev  0x000007ae      0x12f build/dma.o
 .debug_abbrev  0x000008dd      0x217 build/spi.o
 .debug_abbrev  0x00000af4      0x258 build/tim.o
 .debug_abbrev  0x00000d4c      0x270 build/usart.o
 .debug_abbrev  0x00000fbc      0x1f9 build/stm32f4xx_it.o
 .debug_abbrev  0x000011b5      0x122 build/stm32f4xx_hal_msp.o
 .debug_abbrev  0x000012d7      0x22d build/stm32f4xx_hal_timebase_tim.o
 .debug_abbrev  0x00001504      0x291 build/stm32f4xx_hal_can.o
 .debug_abbrev  0x00001795      0x2de build/stm32f4xx_hal_rcc.o
 .debug_abbrev  0x00001a73      0x22b build/stm32f4xx_hal_gpio.o
 .debug_abbrev  0x00001c9e      0x2fe build/stm32f4xx_hal_dma.o
 .debug_abbrev  0x00001f9c      0x3ca build/stm32f4xx_hal_cortex.o
 .debug_abbrev  0x00002366      0x244 build/stm32f4xx_hal.o
 .debug_abbrev  0x000025aa      0x2be build/stm32f4xx_hal_spi.o
 .debug_abbrev  0x00002868      0x2bd build/stm32f4xx_hal_tim.o
 .debug_abbrev  0x00002b25      0x2b7 build/stm32f4xx_hal_tim_ex.o
 .debug_abbrev  0x00002ddc      0x36f build/stm32f4xx_hal_uart.o
 .debug_abbrev  0x0000314b      0x11b build/system_stm32f4xx.o
 .debug_abbrev  0x00003266      0x124 build/list.o
 .debug_abbrev  0x0000338a      0x431 build/queue.o
 .debug_abbrev  0x000037bb      0x40e build/tasks.o
 .debug_abbrev  0x00003bc9      0x3b8 build/timers.o
 .debug_abbrev  0x00003f81      0x40a build/cmsis_os.o
 .debug_abbrev  0x0000438b      0x27a build/heap_4.o
 .debug_abbrev  0x00004605      0x2af build/port.o
 .debug_abbrev  0x000048b4       0x1d build/startup_stm32f407xx.o
 .debug_abbrev  0x000048d1       0xb7 d:/msys2/mingw64/bin/../lib/gcc/arm-none-eabi/12.2.0/../../../../arm-none-eabi/lib/thumb/v7e-m+fp/hard\libc_nano.a(libc_a-memset.o)
 .debug_abbrev  0x00004988       0xc9 d:/msys2/mingw64/bin/../lib/gcc/arm-none-eabi/12.2.0/../../../../arm-none-eabi/lib/thumb/v7e-m+fp/hard\libc_nano.a(libc_a-init.o)
 .debug_abbrev  0x00004a51       0x28 d:/msys2/mingw64/bin/../lib/gcc/arm-none-eabi/12.2.0/../../../../arm-none-eabi/lib/thumb/v7e-m+fp/hard\libc_nano.a(libc_a-memcpy.o)
 .debug_abbrev  0x00004a79       0x14 d:/msys2/mingw64/bin/../lib/gcc/arm-none-eabi/12.2.0/thumb/v7e-m+fp/hard\libgcc.a(_aeabi_uldivmod.o)
 .debug_abbrev  0x00004a8d      0x16a d:/msys2/mingw64/bin/../lib/gcc/arm-none-eabi/12.2.0/thumb/v7e-m+fp/hard\libgcc.a(_udivmoddi4.o)
 .debug_abbrev  0x00004bf7       0x1f d:/msys2/mingw64/bin/../lib/gcc/arm-none-eabi/12.2.0/thumb/v7e-m+fp/hard\libgcc.a(_dvmd_tls.o)

.debug_loc      0x00000000    0x1af2e
 .debug_loc     0x00000000       0xc8 build/main.o
 .debug_loc     0x000000c8       0x39 build/gpio.o
 .debug_loc     0x00000101      0x14d build/freertos.o
 .debug_loc     0x0000024e      0x16f build/can.o
 .debug_loc     0x000003bd       0x38 build/dma.o
 .debug_loc     0x000003f5       0xf7 build/spi.o
 .debug_loc     0x000004ec       0xf6 build/tim.o
 .debug_loc     0x000005e2      0x1a6 build/usart.o
 .debug_loc     0x00000788      0x1a0 build/stm32f4xx_it.o
 .debug_loc     0x00000928       0x38 build/stm32f4xx_hal_msp.o
 .debug_loc     0x00000960      0x136 build/stm32f4xx_hal_timebase_tim.o
 .debug_loc     0x00000a96      0xeea build/stm32f4xx_hal_can.o
 .debug_loc     0x00001980      0x6e4 build/stm32f4xx_hal_rcc.o
 .debug_loc     0x00002064      0x5db build/stm32f4xx_hal_gpio.o
 .debug_loc     0x0000263f      0xd6d build/stm32f4xx_hal_dma.o
 .debug_loc     0x000033ac      0x7c7 build/stm32f4xx_hal_cortex.o
 .debug_loc     0x00003b73      0x1e1 build/stm32f4xx_hal.o
 .debug_loc     0x00003d54     0x233a build/stm32f4xx_hal_spi.o
 .debug_loc     0x0000608e     0x5c3b build/stm32f4xx_hal_tim.o
 .debug_loc     0x0000bcc9     0x2168 build/stm32f4xx_hal_tim_ex.o
 .debug_loc     0x0000de31     0x4d3f build/stm32f4xx_hal_uart.o
 .debug_loc     0x00012b70      0x158 build/system_stm32f4xx.o
 .debug_loc     0x00012cc8       0xe5 build/list.o
 .debug_loc     0x00012dad     0x1c0d build/queue.o
 .debug_loc     0x000149ba     0x2aed build/tasks.o
 .debug_loc     0x000174a7     0x1571 build/timers.o
 .debug_loc     0x00018a18     0x1e46 build/cmsis_os.o
 .debug_loc     0x0001a85e      0x510 build/heap_4.o
 .debug_loc     0x0001ad6e      0x1c0 build/port.o

.debug_aranges  0x00000000     0x1850
 .debug_aranges
                0x00000000       0x38 build/main.o
 .debug_aranges
                0x00000038       0x20 build/gpio.o
 .debug_aranges
                0x00000058       0x50 build/freertos.o
 .debug_aranges
                0x000000a8       0x38 build/can.o
 .debug_aranges
                0x000000e0       0x20 build/dma.o
 .debug_aranges
                0x00000100       0x30 build/spi.o
 .debug_aranges
                0x00000130       0x38 build/tim.o
 .debug_aranges
                0x00000168       0x40 build/usart.o
 .debug_aranges
                0x000001a8       0xb0 build/stm32f4xx_it.o
 .debug_aranges
                0x00000258       0x20 build/stm32f4xx_hal_msp.o
 .debug_aranges
                0x00000278       0x30 build/stm32f4xx_hal_timebase_tim.o
 .debug_aranges
                0x000002a8      0x138 build/stm32f4xx_hal_can.o
 .debug_aranges
                0x000003e0       0x88 build/stm32f4xx_hal_rcc.o
 .debug_aranges
                0x00000468       0x58 build/stm32f4xx_hal_gpio.o
 .debug_aranges
                0x000004c0       0x90 build/stm32f4xx_hal_dma.o
 .debug_aranges
                0x00000550       0xf8 build/stm32f4xx_hal_cortex.o
 .debug_aranges
                0x00000648       0xf0 build/stm32f4xx_hal.o
 .debug_aranges
                0x00000738      0x1d0 build/stm32f4xx_hal_spi.o
 .debug_aranges
                0x00000908      0x3d0 build/stm32f4xx_hal_tim.o
 .debug_aranges
                0x00000cd8      0x168 build/stm32f4xx_hal_tim_ex.o
 .debug_aranges
                0x00000e40      0x208 build/stm32f4xx_hal_uart.o
 .debug_aranges
                0x00001048       0x28 build/system_stm32f4xx.o
 .debug_aranges
                0x00001070       0x40 build/list.o
 .debug_aranges
                0x000010b0      0x120 build/queue.o
 .debug_aranges
                0x000011d0      0x1f8 build/tasks.o
 .debug_aranges
                0x000013c8       0xe0 build/timers.o
 .debug_aranges
                0x000014a8      0x1e8 build/cmsis_os.o
 .debug_aranges
                0x00001690       0x58 build/heap_4.o
 .debug_aranges
                0x000016e8       0x80 build/port.o
 .debug_aranges
                0x00001768       0x28 build/startup_stm32f407xx.o
 .debug_aranges
                0x00001790       0x20 d:/msys2/mingw64/bin/../lib/gcc/arm-none-eabi/12.2.0/../../../../arm-none-eabi/lib/thumb/v7e-m+fp/hard\libc_nano.a(libc_a-memset.o)
 .debug_aranges
                0x000017b0       0x20 d:/msys2/mingw64/bin/../lib/gcc/arm-none-eabi/12.2.0/../../../../arm-none-eabi/lib/thumb/v7e-m+fp/hard\libc_nano.a(libc_a-init.o)
 .debug_aranges
                0x000017d0       0x20 d:/msys2/mingw64/bin/../lib/gcc/arm-none-eabi/12.2.0/../../../../arm-none-eabi/lib/thumb/v7e-m+fp/hard\libc_nano.a(libc_a-memcpy.o)
 .debug_aranges
                0x000017f0       0x20 d:/msys2/mingw64/bin/../lib/gcc/arm-none-eabi/12.2.0/thumb/v7e-m+fp/hard\libgcc.a(_aeabi_uldivmod.o)
 .debug_aranges
                0x00001810       0x20 d:/msys2/mingw64/bin/../lib/gcc/arm-none-eabi/12.2.0/thumb/v7e-m+fp/hard\libgcc.a(_udivmoddi4.o)
 .debug_aranges
                0x00001830       0x20 d:/msys2/mingw64/bin/../lib/gcc/arm-none-eabi/12.2.0/thumb/v7e-m+fp/hard\libgcc.a(_dvmd_tls.o)

.debug_ranges   0x00000000     0x1820
 .debug_ranges  0x00000000       0x28 build/main.o
 .debug_ranges  0x00000028       0x10 build/gpio.o
 .debug_ranges  0x00000038       0x40 build/freertos.o
 .debug_ranges  0x00000078       0x28 build/can.o
 .debug_ranges  0x000000a0       0x10 build/dma.o
 .debug_ranges  0x000000b0       0x20 build/spi.o
 .debug_ranges  0x000000d0       0x28 build/tim.o
 .debug_ranges  0x000000f8       0x30 build/usart.o
 .debug_ranges  0x00000128       0xa0 build/stm32f4xx_it.o
 .debug_ranges  0x000001c8       0x10 build/stm32f4xx_hal_msp.o
 .debug_ranges  0x000001d8       0x20 build/stm32f4xx_hal_timebase_tim.o
 .debug_ranges  0x000001f8      0x140 build/stm32f4xx_hal_can.o
 .debug_ranges  0x00000338       0x90 build/stm32f4xx_hal_rcc.o
 .debug_ranges  0x000003c8       0x48 build/stm32f4xx_hal_gpio.o
 .debug_ranges  0x00000410       0x80 build/stm32f4xx_hal_dma.o
 .debug_ranges  0x00000490       0xe8 build/stm32f4xx_hal_cortex.o
 .debug_ranges  0x00000578       0xe0 build/stm32f4xx_hal.o
 .debug_ranges  0x00000658      0x1c0 build/stm32f4xx_hal_spi.o
 .debug_ranges  0x00000818      0x3c0 build/stm32f4xx_hal_tim.o
 .debug_ranges  0x00000bd8      0x158 build/stm32f4xx_hal_tim_ex.o
 .debug_ranges  0x00000d30      0x210 build/stm32f4xx_hal_uart.o
 .debug_ranges  0x00000f40       0x18 build/system_stm32f4xx.o
 .debug_ranges  0x00000f58       0x30 build/list.o
 .debug_ranges  0x00000f88      0x1e0 build/queue.o
 .debug_ranges  0x00001168      0x320 build/tasks.o
 .debug_ranges  0x00001488       0xd0 build/timers.o
 .debug_ranges  0x00001558      0x1d8 build/cmsis_os.o
 .debug_ranges  0x00001730       0x48 build/heap_4.o
 .debug_ranges  0x00001778       0x88 build/port.o
 .debug_ranges  0x00001800       0x20 build/startup_stm32f407xx.o

.debug_line     0x00000000    0x1b498
 .debug_line    0x00000000      0x387 build/main.o
 .debug_line    0x00000387      0x296 build/gpio.o
 .debug_line    0x0000061d      0x2c6 build/freertos.o
 .debug_line    0x000008e3      0x47d build/can.o
 .debug_line    0x00000d60      0x14c build/dma.o
 .debug_line    0x00000eac      0x393 build/spi.o
 .debug_line    0x0000123f      0x2c8 build/tim.o
 .debug_line    0x00001507      0x63f build/usart.o
 .debug_line    0x00001b46      0x3ba build/stm32f4xx_it.o
 .debug_line    0x00001f00      0x14e build/stm32f4xx_hal_msp.o
 .debug_line    0x0000204e      0x2a2 build/stm32f4xx_hal_timebase_tim.o
 .debug_line    0x000022f0     0x10eb build/stm32f4xx_hal_can.o
 .debug_line    0x000033db      0xafc build/stm32f4xx_hal_rcc.o
 .debug_line    0x00003ed7      0x67e build/stm32f4xx_hal_gpio.o
 .debug_line    0x00004555      0xe1b build/stm32f4xx_hal_dma.o
 .debug_line    0x00005370      0x814 build/stm32f4xx_hal_cortex.o
 .debug_line    0x00005b84      0x527 build/stm32f4xx_hal.o
 .debug_line    0x000060ab     0x2655 build/stm32f4xx_hal_spi.o
 .debug_line    0x00008700     0x4a39 build/stm32f4xx_hal_tim.o
 .debug_line    0x0000d139     0x1cd2 build/stm32f4xx_hal_tim_ex.o
 .debug_line    0x0000ee0b     0x4280 build/stm32f4xx_hal_uart.o
 .debug_line    0x0001308b      0x20a build/system_stm32f4xx.o
 .debug_line    0x00013295      0x315 build/list.o
 .debug_line    0x000135aa     0x1be9 build/queue.o
 .debug_line    0x00015193     0x2a29 build/tasks.o
 .debug_line    0x00017bbc      0xe2b build/timers.o
 .debug_line    0x000189e7     0x1358 build/cmsis_os.o
 .debug_line    0x00019d3f      0x6b3 build/heap_4.o
 .debug_line    0x0001a3f2      0x686 build/port.o
 .debug_line    0x0001aa78       0x73 build/startup_stm32f407xx.o
 .debug_line    0x0001aaeb      0x1cd d:/msys2/mingw64/bin/../lib/gcc/arm-none-eabi/12.2.0/../../../../arm-none-eabi/lib/thumb/v7e-m+fp/hard\libc_nano.a(libc_a-memset.o)
 .debug_line    0x0001acb8      0x144 d:/msys2/mingw64/bin/../lib/gcc/arm-none-eabi/12.2.0/../../../../arm-none-eabi/lib/thumb/v7e-m+fp/hard\libc_nano.a(libc_a-init.o)
 .debug_line    0x0001adfc       0xb9 d:/msys2/mingw64/bin/../lib/gcc/arm-none-eabi/12.2.0/../../../../arm-none-eabi/lib/thumb/v7e-m+fp/hard\libc_nano.a(libc_a-memcpy.o)
 .debug_line    0x0001aeb5       0x4e d:/msys2/mingw64/bin/../lib/gcc/arm-none-eabi/12.2.0/thumb/v7e-m+fp/hard\libgcc.a(_aeabi_uldivmod.o)
 .debug_line    0x0001af03      0x54b d:/msys2/mingw64/bin/../lib/gcc/arm-none-eabi/12.2.0/thumb/v7e-m+fp/hard\libgcc.a(_udivmoddi4.o)
 .debug_line    0x0001b44e       0x4a d:/msys2/mingw64/bin/../lib/gcc/arm-none-eabi/12.2.0/thumb/v7e-m+fp/hard\libgcc.a(_dvmd_tls.o)

.debug_str      0x00000000     0x7f0a
 .debug_str     0x00000000     0x7f0a build/main.o
                                0xb53 (size before relaxing)
 .debug_str     0x00007f0a      0x887 build/gpio.o
 .debug_str     0x00007f0a      0x6c0 build/freertos.o
 .debug_str     0x00007f0a      0xb76 build/can.o
 .debug_str     0x00007f0a      0x7ba build/dma.o
 .debug_str     0x00007f0a      0x82a build/spi.o
 .debug_str     0x00007f0a      0x9a1 build/tim.o
 .debug_str     0x00007f0a      0xdf4 build/usart.o
 .debug_str     0x00007f0a      0xd62 build/stm32f4xx_it.o
 .debug_str     0x00007f0a      0x7b5 build/stm32f4xx_hal_msp.o
 .debug_str     0x00007f0a      0xe59 build/stm32f4xx_hal_timebase_tim.o
 .debug_str     0x00007f0a      0xa27 build/stm32f4xx_hal_can.o
 .debug_str     0x00007f0a      0x6f8 build/stm32f4xx_hal_rcc.o
 .debug_str     0x00007f0a      0x4d2 build/stm32f4xx_hal_gpio.o
 .debug_str     0x00007f0a      0x768 build/stm32f4xx_hal_dma.o
 .debug_str     0x00007f0a      0xc67 build/stm32f4xx_hal_cortex.o
 .debug_str     0x00007f0a      0xb56 build/stm32f4xx_hal.o
 .debug_str     0x00007f0a      0xbe6 build/stm32f4xx_hal_spi.o
 .debug_str     0x00007f0a     0x16f1 build/stm32f4xx_hal_tim.o
 .debug_str     0x00007f0a      0xefd build/stm32f4xx_hal_tim_ex.o
 .debug_str     0x00007f0a      0xd8d build/stm32f4xx_hal_uart.o
 .debug_str     0x00007f0a      0x362 build/system_stm32f4xx.o
 .debug_str     0x00007f0a      0x2f4 build/list.o
 .debug_str     0x00007f0a      0xbf4 build/queue.o
 .debug_str     0x00007f0a     0x122e build/tasks.o
 .debug_str     0x00007f0a      0xbe6 build/timers.o
 .debug_str     0x00007f0a     0x11da build/cmsis_os.o
 .debug_str     0x00007f0a      0x50d build/heap_4.o
 .debug_str     0x00007f0a      0x470 build/port.o
 .debug_str     0x00007f0a       0x7b build/startup_stm32f407xx.o
 .debug_str     0x00007f0a      0x19b d:/msys2/mingw64/bin/../lib/gcc/arm-none-eabi/12.2.0/../../../../arm-none-eabi/lib/thumb/v7e-m+fp/hard\libc_nano.a(libc_a-memset.o)
 .debug_str     0x00007f0a      0x1e8 d:/msys2/mingw64/bin/../lib/gcc/arm-none-eabi/12.2.0/../../../../arm-none-eabi/lib/thumb/v7e-m+fp/hard\libc_nano.a(libc_a-init.o)
 .debug_str     0x00007f0a       0xa3 d:/msys2/mingw64/bin/../lib/gcc/arm-none-eabi/12.2.0/../../../../arm-none-eabi/lib/thumb/v7e-m+fp/hard\libc_nano.a(libc_a-memcpy.o)
 .debug_str     0x00007f0a       0xb4 d:/msys2/mingw64/bin/../lib/gcc/arm-none-eabi/12.2.0/thumb/v7e-m+fp/hard\libgcc.a(_aeabi_uldivmod.o)
 .debug_str     0x00007f0a      0x6bd d:/msys2/mingw64/bin/../lib/gcc/arm-none-eabi/12.2.0/thumb/v7e-m+fp/hard\libgcc.a(_udivmoddi4.o)
 .debug_str     0x00007f0a       0xd4 d:/msys2/mingw64/bin/../lib/gcc/arm-none-eabi/12.2.0/thumb/v7e-m+fp/hard\libgcc.a(_dvmd_tls.o)

.debug_frame    0x00000000     0x4150
 .debug_frame   0x00000000       0x70 build/main.o
 .debug_frame   0x00000070       0x3c build/gpio.o
 .debug_frame   0x000000ac       0xb0 build/freertos.o
 .debug_frame   0x0000015c       0x78 build/can.o
 .debug_frame   0x000001d4       0x30 build/dma.o
 .debug_frame   0x00000204       0x6c build/spi.o
 .debug_frame   0x00000270       0x78 build/tim.o
 .debug_frame   0x000002e8       0x98 build/usart.o
 .debug_frame   0x00000380      0x1a8 build/stm32f4xx_it.o
 .debug_frame   0x00000528       0x2c build/stm32f4xx_hal_msp.o
 .debug_frame   0x00000554       0x54 build/stm32f4xx_hal_timebase_tim.o
 .debug_frame   0x000005a8      0x2d8 build/stm32f4xx_hal_can.o
 .debug_frame   0x00000880      0x16c build/stm32f4xx_hal_rcc.o
 .debug_frame   0x000009ec       0xd8 build/stm32f4xx_hal_gpio.o
 .debug_frame   0x00000ac4      0x188 build/stm32f4xx_hal_dma.o
 .debug_frame   0x00000c4c      0x214 build/stm32f4xx_hal_cortex.o
 .debug_frame   0x00000e60      0x1ec build/stm32f4xx_hal.o
 .debug_frame   0x0000104c      0x5c8 build/stm32f4xx_hal_spi.o
 .debug_frame   0x00001614      0xb10 build/stm32f4xx_hal_tim.o
 .debug_frame   0x00002124      0x40c build/stm32f4xx_hal_tim_ex.o
 .debug_frame   0x00002530      0x5dc build/stm32f4xx_hal_uart.o
 .debug_frame   0x00002b0c       0x30 build/system_stm32f4xx.o
 .debug_frame   0x00002b3c       0x70 build/list.o
 .debug_frame   0x00002bac      0x3a0 build/queue.o
 .debug_frame   0x00002f4c      0x670 build/tasks.o
 .debug_frame   0x000035bc      0x2ec build/timers.o
 .debug_frame   0x000038a8      0x610 build/cmsis_os.o
 .debug_frame   0x00003eb8       0xd0 build/heap_4.o
 .debug_frame   0x00003f88      0x110 build/port.o
 .debug_frame   0x00004098       0x2c d:/msys2/mingw64/bin/../lib/gcc/arm-none-eabi/12.2.0/../../../../arm-none-eabi/lib/thumb/v7e-m+fp/hard\libc_nano.a(libc_a-memset.o)
 .debug_frame   0x000040c4       0x2c d:/msys2/mingw64/bin/../lib/gcc/arm-none-eabi/12.2.0/../../../../arm-none-eabi/lib/thumb/v7e-m+fp/hard\libc_nano.a(libc_a-init.o)
 .debug_frame   0x000040f0       0x2c d:/msys2/mingw64/bin/../lib/gcc/arm-none-eabi/12.2.0/thumb/v7e-m+fp/hard\libgcc.a(_aeabi_uldivmod.o)
 .debug_frame   0x0000411c       0x34 d:/msys2/mingw64/bin/../lib/gcc/arm-none-eabi/12.2.0/thumb/v7e-m+fp/hard\libgcc.a(_udivmoddi4.o)

.debug_loclists
                0x00000000      0x983
 .debug_loclists
                0x00000000      0x1b6 d:/msys2/mingw64/bin/../lib/gcc/arm-none-eabi/12.2.0/../../../../arm-none-eabi/lib/thumb/v7e-m+fp/hard\libc_nano.a(libc_a-memset.o)
 .debug_loclists
                0x000001b6       0x65 d:/msys2/mingw64/bin/../lib/gcc/arm-none-eabi/12.2.0/../../../../arm-none-eabi/lib/thumb/v7e-m+fp/hard\libc_nano.a(libc_a-init.o)
 .debug_loclists
                0x0000021b      0x768 d:/msys2/mingw64/bin/../lib/gcc/arm-none-eabi/12.2.0/thumb/v7e-m+fp/hard\libgcc.a(_udivmoddi4.o)

.debug_line_str
                0x00000000      0x144
 .debug_line_str
                0x00000000      0x144 d:/msys2/mingw64/bin/../lib/gcc/arm-none-eabi/12.2.0/../../../../arm-none-eabi/lib/thumb/v7e-m+fp/hard\libc_nano.a(libc_a-memcpy.o)
                                 0x90 (size before relaxing)
 .debug_line_str
                0x00000144       0xa8 d:/msys2/mingw64/bin/../lib/gcc/arm-none-eabi/12.2.0/thumb/v7e-m+fp/hard\libgcc.a(_aeabi_uldivmod.o)
 .debug_line_str
                0x00000144       0xac d:/msys2/mingw64/bin/../lib/gcc/arm-none-eabi/12.2.0/thumb/v7e-m+fp/hard\libgcc.a(_dvmd_tls.o)

.debug_rnglists
                0x00000000       0x6d
 .debug_rnglists
                0x00000000       0x6d d:/msys2/mingw64/bin/../lib/gcc/arm-none-eabi/12.2.0/thumb/v7e-m+fp/hard\libgcc.a(_udivmoddi4.o)

Cross Reference Table

Symbol                                            File
ADC_IRQHandler                                    build/startup_stm32f407xx.o
AHBPrescTable                                     build/system_stm32f4xx.o
                                                  build/stm32f4xx_hal_rcc.o
APBPrescTable                                     build/system_stm32f4xx.o
                                                  build/stm32f4xx_hal_rcc.o
BusFault_Handler                                  build/stm32f4xx_it.o
CAN1_RX0_IRQHandler                               build/stm32f4xx_it.o
CAN1_RX1_IRQHandler                               build/startup_stm32f407xx.o
CAN1_SCE_IRQHandler                               build/startup_stm32f407xx.o
CAN1_TX_IRQHandler                                build/startup_stm32f407xx.o
CAN2_RX0_IRQHandler                               build/stm32f4xx_it.o
CAN2_RX1_IRQHandler                               build/startup_stm32f407xx.o
CAN2_SCE_IRQHandler                               build/startup_stm32f407xx.o
CAN2_TX_IRQHandler                                build/startup_stm32f407xx.o
ControlTaskHandle                                 build/freertos.o
DCMI_IRQHandler                                   build/startup_stm32f407xx.o
DMA1_Stream0_IRQHandler                           build/startup_stm32f407xx.o
DMA1_Stream1_IRQHandler                           build/startup_stm32f407xx.o
DMA1_Stream2_IRQHandler                           build/startup_stm32f407xx.o
DMA1_Stream3_IRQHandler                           build/startup_stm32f407xx.o
DMA1_Stream4_IRQHandler                           build/startup_stm32f407xx.o
DMA1_Stream5_IRQHandler                           build/startup_stm32f407xx.o
DMA1_Stream6_IRQHandler                           build/startup_stm32f407xx.o
DMA1_Stream7_IRQHandler                           build/startup_stm32f407xx.o
DMA2_Stream0_IRQHandler                           build/startup_stm32f407xx.o
DMA2_Stream1_IRQHandler                           build/stm32f4xx_it.o
DMA2_Stream2_IRQHandler                           build/startup_stm32f407xx.o
DMA2_Stream3_IRQHandler                           build/startup_stm32f407xx.o
DMA2_Stream4_IRQHandler                           build/startup_stm32f407xx.o
DMA2_Stream5_IRQHandler                           build/stm32f4xx_it.o
DMA2_Stream6_IRQHandler                           build/stm32f4xx_it.o
DMA2_Stream7_IRQHandler                           build/stm32f4xx_it.o
DebugMon_Handler                                  build/stm32f4xx_it.o
Default_Handler                                   build/startup_stm32f407xx.o
DetectTaskHandle                                  build/freertos.o
ETH_IRQHandler                                    build/startup_stm32f407xx.o
ETH_WKUP_IRQHandler                               build/startup_stm32f407xx.o
EXTI0_IRQHandler                                  build/startup_stm32f407xx.o
EXTI15_10_IRQHandler                              build/startup_stm32f407xx.o
EXTI1_IRQHandler                                  build/startup_stm32f407xx.o
EXTI2_IRQHandler                                  build/startup_stm32f407xx.o
EXTI3_IRQHandler                                  build/stm32f4xx_it.o
EXTI4_IRQHandler                                  build/stm32f4xx_it.o
EXTI9_5_IRQHandler                                build/stm32f4xx_it.o
Error_Handler                                     build/main.o
                                                  build/usart.o
                                                  build/tim.o
                                                  build/spi.o
                                                  build/can.o
FLASH_Erase_Sector                                build/stm32f4xx_hal_flash_ex.o
                                                  build/stm32f4xx_hal_flash.o
FLASH_FlushCaches                                 build/stm32f4xx_hal_flash_ex.o
                                                  build/stm32f4xx_hal_flash.o
FLASH_IRQHandler                                  build/startup_stm32f407xx.o
FLASH_WaitForLastOperation                        build/stm32f4xx_hal_flash.o
                                                  build/stm32f4xx_hal_flash_ex.o
FPU_IRQHandler                                    build/startup_stm32f407xx.o
FSMC_IRQHandler                                   build/startup_stm32f407xx.o
GimbalTaskHandle                                  build/freertos.o
HAL_CAN_AbortTxRequest                            build/stm32f4xx_hal_can.o
HAL_CAN_ActivateNotification                      build/stm32f4xx_hal_can.o
HAL_CAN_AddTxMessage                              build/stm32f4xx_hal_can.o
HAL_CAN_ConfigFilter                              build/stm32f4xx_hal_can.o
HAL_CAN_DeInit                                    build/stm32f4xx_hal_can.o
HAL_CAN_DeactivateNotification                    build/stm32f4xx_hal_can.o
HAL_CAN_ErrorCallback                             build/stm32f4xx_hal_can.o
HAL_CAN_GetError                                  build/stm32f4xx_hal_can.o
HAL_CAN_GetRxFifoFillLevel                        build/stm32f4xx_hal_can.o
HAL_CAN_GetRxMessage                              build/stm32f4xx_hal_can.o
HAL_CAN_GetState                                  build/stm32f4xx_hal_can.o
HAL_CAN_GetTxMailboxesFreeLevel                   build/stm32f4xx_hal_can.o
HAL_CAN_GetTxTimestamp                            build/stm32f4xx_hal_can.o
HAL_CAN_IRQHandler                                build/stm32f4xx_hal_can.o
                                                  build/stm32f4xx_it.o
HAL_CAN_Init                                      build/stm32f4xx_hal_can.o
                                                  build/can.o
HAL_CAN_IsSleepActive                             build/stm32f4xx_hal_can.o
HAL_CAN_IsTxMessagePending                        build/stm32f4xx_hal_can.o
HAL_CAN_MspDeInit                                 build/can.o
HAL_CAN_MspInit                                   build/can.o
HAL_CAN_RequestSleep                              build/stm32f4xx_hal_can.o
HAL_CAN_ResetError                                build/stm32f4xx_hal_can.o
HAL_CAN_RxFifo0FullCallback                       build/stm32f4xx_hal_can.o
HAL_CAN_RxFifo0MsgPendingCallback                 build/stm32f4xx_hal_can.o
HAL_CAN_RxFifo1FullCallback                       build/stm32f4xx_hal_can.o
HAL_CAN_RxFifo1MsgPendingCallback                 build/stm32f4xx_hal_can.o
HAL_CAN_SleepCallback                             build/stm32f4xx_hal_can.o
HAL_CAN_Start                                     build/stm32f4xx_hal_can.o
HAL_CAN_Stop                                      build/stm32f4xx_hal_can.o
HAL_CAN_TxMailbox0AbortCallback                   build/stm32f4xx_hal_can.o
HAL_CAN_TxMailbox0CompleteCallback                build/stm32f4xx_hal_can.o
HAL_CAN_TxMailbox1AbortCallback                   build/stm32f4xx_hal_can.o
HAL_CAN_TxMailbox1CompleteCallback                build/stm32f4xx_hal_can.o
HAL_CAN_TxMailbox2AbortCallback                   build/stm32f4xx_hal_can.o
HAL_CAN_TxMailbox2CompleteCallback                build/stm32f4xx_hal_can.o
HAL_CAN_WakeUp                                    build/stm32f4xx_hal_can.o
HAL_CAN_WakeUpFromRxMsgCallback                   build/stm32f4xx_hal_can.o
HAL_CORTEX_ClearEvent                             build/stm32f4xx_hal_cortex.o
HAL_DBGMCU_DisableDBGSleepMode                    build/stm32f4xx_hal.o
HAL_DBGMCU_DisableDBGStandbyMode                  build/stm32f4xx_hal.o
HAL_DBGMCU_DisableDBGStopMode                     build/stm32f4xx_hal.o
HAL_DBGMCU_EnableDBGSleepMode                     build/stm32f4xx_hal.o
HAL_DBGMCU_EnableDBGStandbyMode                   build/stm32f4xx_hal.o
HAL_DBGMCU_EnableDBGStopMode                      build/stm32f4xx_hal.o
HAL_DMAEx_ChangeMemory                            build/stm32f4xx_hal_dma_ex.o
HAL_DMAEx_MultiBufferStart                        build/stm32f4xx_hal_dma_ex.o
HAL_DMAEx_MultiBufferStart_IT                     build/stm32f4xx_hal_dma_ex.o
HAL_DMA_Abort                                     build/stm32f4xx_hal_dma.o
                                                  build/stm32f4xx_hal_uart.o
                                                  build/stm32f4xx_hal_spi.o
HAL_DMA_Abort_IT                                  build/stm32f4xx_hal_dma.o
                                                  build/stm32f4xx_hal_uart.o
                                                  build/stm32f4xx_hal_tim_ex.o
                                                  build/stm32f4xx_hal_tim.o
                                                  build/stm32f4xx_hal_spi.o
HAL_DMA_DeInit                                    build/stm32f4xx_hal_dma.o
                                                  build/usart.o
                                                  build/spi.o
HAL_DMA_GetError                                  build/stm32f4xx_hal_dma.o
                                                  build/stm32f4xx_hal_uart.o
HAL_DMA_GetState                                  build/stm32f4xx_hal_dma.o
HAL_DMA_IRQHandler                                build/stm32f4xx_hal_dma.o
                                                  build/stm32f4xx_it.o
HAL_DMA_Init                                      build/stm32f4xx_hal_dma.o
                                                  build/usart.o
                                                  build/spi.o
HAL_DMA_PollForTransfer                           build/stm32f4xx_hal_dma.o
HAL_DMA_RegisterCallback                          build/stm32f4xx_hal_dma.o
HAL_DMA_Start                                     build/stm32f4xx_hal_dma.o
HAL_DMA_Start_IT                                  build/stm32f4xx_hal_dma.o
                                                  build/stm32f4xx_hal_uart.o
                                                  build/stm32f4xx_hal_tim_ex.o
                                                  build/stm32f4xx_hal_tim.o
                                                  build/stm32f4xx_hal_spi.o
HAL_DMA_UnRegisterCallback                        build/stm32f4xx_hal_dma.o
HAL_DeInit                                        build/stm32f4xx_hal.o
HAL_Delay                                         build/stm32f4xx_hal.o
HAL_DisableCompensationCell                       build/stm32f4xx_hal.o
HAL_EXTI_ClearConfigLine                          build/stm32f4xx_hal_exti.o
HAL_EXTI_ClearPending                             build/stm32f4xx_hal_exti.o
HAL_EXTI_GenerateSWI                              build/stm32f4xx_hal_exti.o
HAL_EXTI_GetConfigLine                            build/stm32f4xx_hal_exti.o
HAL_EXTI_GetHandle                                build/stm32f4xx_hal_exti.o
HAL_EXTI_GetPending                               build/stm32f4xx_hal_exti.o
HAL_EXTI_IRQHandler                               build/stm32f4xx_hal_exti.o
HAL_EXTI_RegisterCallback                         build/stm32f4xx_hal_exti.o
HAL_EXTI_SetConfigLine                            build/stm32f4xx_hal_exti.o
HAL_EnableCompensationCell                        build/stm32f4xx_hal.o
HAL_FLASHEx_Erase                                 build/stm32f4xx_hal_flash_ex.o
HAL_FLASHEx_Erase_IT                              build/stm32f4xx_hal_flash_ex.o
HAL_FLASHEx_OBGetConfig                           build/stm32f4xx_hal_flash_ex.o
HAL_FLASHEx_OBProgram                             build/stm32f4xx_hal_flash_ex.o
HAL_FLASH_EndOfOperationCallback                  build/stm32f4xx_hal_flash.o
HAL_FLASH_GetError                                build/stm32f4xx_hal_flash.o
HAL_FLASH_IRQHandler                              build/stm32f4xx_hal_flash.o
HAL_FLASH_Lock                                    build/stm32f4xx_hal_flash.o
HAL_FLASH_OB_Launch                               build/stm32f4xx_hal_flash.o
HAL_FLASH_OB_Lock                                 build/stm32f4xx_hal_flash.o
HAL_FLASH_OB_Unlock                               build/stm32f4xx_hal_flash.o
HAL_FLASH_OperationErrorCallback                  build/stm32f4xx_hal_flash.o
HAL_FLASH_Program                                 build/stm32f4xx_hal_flash.o
HAL_FLASH_Program_IT                              build/stm32f4xx_hal_flash.o
HAL_FLASH_Unlock                                  build/stm32f4xx_hal_flash.o
HAL_GPIO_DeInit                                   build/stm32f4xx_hal_gpio.o
                                                  build/usart.o
                                                  build/spi.o
                                                  build/can.o
HAL_GPIO_EXTI_Callback                            build/stm32f4xx_hal_gpio.o
HAL_GPIO_EXTI_IRQHandler                          build/stm32f4xx_hal_gpio.o
                                                  build/stm32f4xx_it.o
HAL_GPIO_Init                                     build/stm32f4xx_hal_gpio.o
                                                  build/stm32f4xx_hal_rcc.o
                                                  build/usart.o
                                                  build/tim.o
                                                  build/spi.o
                                                  build/can.o
                                                  build/gpio.o
HAL_GPIO_LockPin                                  build/stm32f4xx_hal_gpio.o
HAL_GPIO_ReadPin                                  build/stm32f4xx_hal_gpio.o
HAL_GPIO_TogglePin                                build/stm32f4xx_hal_gpio.o
HAL_GPIO_WritePin                                 build/stm32f4xx_hal_gpio.o
                                                  build/gpio.o
HAL_GetDEVID                                      build/stm32f4xx_hal.o
HAL_GetHalVersion                                 build/stm32f4xx_hal.o
HAL_GetREVID                                      build/stm32f4xx_hal.o
HAL_GetTick                                       build/stm32f4xx_hal.o
                                                  build/stm32f4xx_hal_uart.o
                                                  build/stm32f4xx_hal_spi.o
                                                  build/stm32f4xx_hal_pwr_ex.o
                                                  build/stm32f4xx_hal_dma.o
                                                  build/stm32f4xx_hal_flash.o
                                                  build/stm32f4xx_hal_rcc_ex.o
                                                  build/stm32f4xx_hal_rcc.o
                                                  build/stm32f4xx_hal_can.o
HAL_GetTickFreq                                   build/stm32f4xx_hal.o
HAL_GetTickPrio                                   build/stm32f4xx_hal.o
HAL_GetUIDw0                                      build/stm32f4xx_hal.o
HAL_GetUIDw1                                      build/stm32f4xx_hal.o
HAL_GetUIDw2                                      build/stm32f4xx_hal.o
HAL_HalfDuplex_EnableReceiver                     build/stm32f4xx_hal_uart.o
HAL_HalfDuplex_EnableTransmitter                  build/stm32f4xx_hal_uart.o
HAL_HalfDuplex_Init                               build/stm32f4xx_hal_uart.o
HAL_IncTick                                       build/stm32f4xx_hal.o
                                                  build/main.o
HAL_Init                                          build/stm32f4xx_hal.o
                                                  build/main.o
HAL_InitTick                                      build/stm32f4xx_hal_timebase_tim.o
                                                  build/stm32f4xx_hal_rcc_ex.o
                                                  build/stm32f4xx_hal_rcc.o
HAL_LIN_Init                                      build/stm32f4xx_hal_uart.o
HAL_LIN_SendBreak                                 build/stm32f4xx_hal_uart.o
HAL_MPU_ConfigRegion                              build/stm32f4xx_hal_cortex.o
HAL_MPU_Disable                                   build/stm32f4xx_hal_cortex.o
HAL_MPU_DisableRegion                             build/stm32f4xx_hal_cortex.o
HAL_MPU_Enable                                    build/stm32f4xx_hal_cortex.o
HAL_MPU_EnableRegion                              build/stm32f4xx_hal_cortex.o
HAL_MspDeInit                                     build/stm32f4xx_hal.o
HAL_MspInit                                       build/stm32f4xx_hal_msp.o
HAL_MultiProcessor_EnterMuteMode                  build/stm32f4xx_hal_uart.o
HAL_MultiProcessor_ExitMuteMode                   build/stm32f4xx_hal_uart.o
HAL_MultiProcessor_Init                           build/stm32f4xx_hal_uart.o
HAL_NVIC_ClearPendingIRQ                          build/stm32f4xx_hal_cortex.o
HAL_NVIC_DisableIRQ                               build/stm32f4xx_hal_cortex.o
                                                  build/usart.o
                                                  build/can.o
HAL_NVIC_EnableIRQ                                build/stm32f4xx_hal_cortex.o
                                                  build/stm32f4xx_hal_timebase_tim.o
                                                  build/usart.o
                                                  build/dma.o
                                                  build/can.o
                                                  build/gpio.o
HAL_NVIC_GetActive                                build/stm32f4xx_hal_cortex.o
HAL_NVIC_GetPendingIRQ                            build/stm32f4xx_hal_cortex.o
HAL_NVIC_GetPriority                              build/stm32f4xx_hal_cortex.o
HAL_NVIC_GetPriorityGrouping                      build/stm32f4xx_hal_cortex.o
HAL_NVIC_SetPendingIRQ                            build/stm32f4xx_hal_cortex.o
HAL_NVIC_SetPriority                              build/stm32f4xx_hal_cortex.o
                                                  build/stm32f4xx_hal.o
                                                  build/stm32f4xx_hal_timebase_tim.o
                                                  build/stm32f4xx_hal_msp.o
                                                  build/usart.o
                                                  build/dma.o
                                                  build/can.o
                                                  build/gpio.o
HAL_NVIC_SetPriorityGrouping                      build/stm32f4xx_hal_cortex.o
                                                  build/stm32f4xx_hal.o
HAL_NVIC_SystemReset                              build/stm32f4xx_hal_cortex.o
HAL_PWREx_ControlVoltageScaling                   build/stm32f4xx_hal_pwr_ex.o